Linux version 5.14.0-559.el9.x86_64 (mockbuild@x86-05.stream.rdu2.redhat.com) (gcc (GCC) 11.5.0 20240719 (Red Hat 11.5.0-4), GNU ld version 2.35.2-60.el9) #1 SMP PREEMPT_DYNAMIC Fri Jan 31 21:01:13 UTC 2025
The list of certified hardware and cloud instances for Red Hat Enterprise Linux 9 can be viewed at the Red Hat Ecosystem Catalog, .
BIOS-provided physical RAM map:
BIOS-e820: [mem 0x0000000000000000-0x000000000009e3ff] usable
BIOS-e820: [mem 0x000000000009e400-0x000000000009ffff] reserved
BIOS-e820: [mem 0x00000000000e0000-0x00000000000fffff] reserved
BIOS-e820: [mem 0x0000000000100000-0x000000003c873fff] usable
BIOS-e820: [mem 0x000000003c874000-0x000000003cb7dfff] reserved
BIOS-e820: [mem 0x000000003cb7e000-0x000000003cc93fff] ACPI data
BIOS-e820: [mem 0x000000003cc94000-0x000000003d8b1fff] ACPI NVS
BIOS-e820: [mem 0x000000003d8b2000-0x000000003eafffff] reserved
BIOS-e820: [mem 0x000000003eb00000-0x000000003eb21fff] usable
BIOS-e820: [mem 0x000000003eb22000-0x000000003eb23fff] reserved
BIOS-e820: [mem 0x000000003eb24000-0x000000003eb24fff] usable
BIOS-e820: [mem 0x000000003eb25000-0x000000003ebaafff] ACPI NVS
BIOS-e820: [mem 0x000000003ebab000-0x000000003effffff] usable
BIOS-e820: [mem 0x0000000040000000-0x000000004fffffff] reserved
BIOS-e820: [mem 0x00000000fed1c000-0x00000000fed1ffff] reserved
BIOS-e820: [mem 0x00000000ff000000-0x00000000ffffffff] reserved
BIOS-e820: [mem 0x0000000100000000-0x00000008bfffffff] usable
NX (Execute Disable) protection: active
APIC: Static calls initialized
SMBIOS 2.7 present.
DMI: ASUSTeK COMPUTER INC. ESC2000 G2/Z9PE-D8 WS, BIOS 5503 05/06/2014
tsc: Fast TSC calibration using PIT
tsc: Detected 2107.865 MHz processor
e820: update [mem 0x00000000-0x00000fff] usable ==> reserved
e820: remove [mem 0x000a0000-0x000fffff] usable
last_pfn = 0x8c0000 max_arch_pfn = 0x400000000
total RAM covered: 32768M
Found optimal setting for mtrr clean up
 gran_size: 64K 	chunk_size: 64K 	num_reg: 6  	lose cover RAM: 0G
MTRR map: 7 entries (5 fixed + 2 variable; max 25), built from 10 variable MTRRs
x86/PAT: Configuration [0-7]: WB  WC  UC- UC  WB  WP  UC- WT  
e820: update [mem 0x40000000-0xffffffff] usable ==> reserved
last_pfn = 0x3f000 max_arch_pfn = 0x400000000
found SMP MP-table at [mem 0x000fdd50-0x000fdd5f]
Using GB pages for direct mapping
RAMDISK: [mem 0x2fccb000-0x33e5dfff]
ACPI: Early table checksum verification disabled
ACPI: RSDP 0x00000000000F0490 000024 (v02 ALASKA)
ACPI: XSDT 0x000000003CBB5090 000094 (v01 ALASKA A M I    01072009 AMI  00010013)
ACPI: FACP 0x000000003CBC2448 00010C (v05 ALASKA A M I    01072009 AMI  00010013)
ACPI: DSDT 0x000000003CBB51B8 00D28C (v02 ALASKA A M I    00000000 INTL 20051117)
ACPI: FACS 0x000000003D8A9F80 000040
ACPI: APIC 0x000000003CBC2558 0001B4 (v03 ALASKA A M I    01072009 AMI  00010013)
ACPI: FPDT 0x000000003CBC2710 000044 (v01 ALASKA A M I    01072009 AMI  00010013)
ACPI: MCFG 0x000000003CBC2758 00003C (v01 ALASKA OEMMCFG. 01072009 MSFT 00000097)
ACPI: SRAT 0x000000003CBC2798 000430 (v01 A M I  AMI SRAT 00000001 AMI. 00000000)
ACPI: SLIT 0x000000003CBC2BC8 000030 (v01 A M I  AMI SLIT 00000000 AMI. 00000000)
ACPI: HPET 0x000000003CBC2BF8 000038 (v01 ALASKA A M I    01072009 AMI. 00000005)
ACPI: DMAR 0x000000003CC93E30 0000E0 (v01 A M I  OEMDMAR  00000001 INTL 00000001)
ACPI: PRAD 0x000000003CBC2C88 0000BE (v02 PRADID PRADTID  00000001 MSFT 03000001)
ACPI: SSDT 0x000000003CBC2D48 0D0CB0 (v02 INTEL  CpuPm    00004000 INTL 20051117)
ACPI: EINJ 0x000000003CC939F8 000130 (v01 AMI    AMI EINJ 00000000      00000000)
ACPI: ERST 0x000000003CC93B28 000230 (v01 AMIER  AMI ERST 00000000      00000000)
ACPI: HEST 0x000000003CC93D58 0000A8 (v01 AMI    AMI HEST 00000000      00000000)
ACPI: BERT 0x000000003CC93E00 000030 (v01 AMI    AMI BERT 00000000      00000000)
ACPI: Reserving FACP table memory at [mem 0x3cbc2448-0x3cbc2553]
ACPI: Reserving DSDT table memory at [mem 0x3cbb51b8-0x3cbc2443]
ACPI: Reserving FACS table memory at [mem 0x3d8a9f80-0x3d8a9fbf]
ACPI: Reserving APIC table memory at [mem 0x3cbc2558-0x3cbc270b]
ACPI: Reserving FPDT table memory at [mem 0x3cbc2710-0x3cbc2753]
ACPI: Reserving MCFG table memory at [mem 0x3cbc2758-0x3cbc2793]
ACPI: Reserving SRAT table memory at [mem 0x3cbc2798-0x3cbc2bc7]
ACPI: Reserving SLIT table memory at [mem 0x3cbc2bc8-0x3cbc2bf7]
ACPI: Reserving HPET table memory at [mem 0x3cbc2bf8-0x3cbc2c2f]
ACPI: Reserving DMAR table memory at [mem 0x3cc93e30-0x3cc93f0f]
ACPI: Reserving PRAD table memory at [mem 0x3cbc2c88-0x3cbc2d45]
ACPI: Reserving SSDT table memory at [mem 0x3cbc2d48-0x3cc939f7]
ACPI: Reserving EINJ table memory at [mem 0x3cc939f8-0x3cc93b27]
ACPI: Reserving ERST table memory at [mem 0x3cc93b28-0x3cc93d57]
ACPI: Reserving HEST table memory at [mem 0x3cc93d58-0x3cc93dff]
ACPI: Reserving BERT table memory at [mem 0x3cc93e00-0x3cc93e2f]
SRAT: PXM 0 -> APIC 0x00 -> Node 0
SRAT: PXM 0 -> APIC 0x01 -> Node 0
SRAT: PXM 0 -> APIC 0x02 -> Node 0
SRAT: PXM 0 -> APIC 0x03 -> Node 0
SRAT: PXM 0 -> APIC 0x04 -> Node 0
SRAT: PXM 0 -> APIC 0x05 -> Node 0
SRAT: PXM 0 -> APIC 0x06 -> Node 0
SRAT: PXM 0 -> APIC 0x07 -> Node 0
SRAT: PXM 0 -> APIC 0x08 -> Node 0
SRAT: PXM 0 -> APIC 0x09 -> Node 0
SRAT: PXM 0 -> APIC 0x0a -> Node 0
SRAT: PXM 0 -> APIC 0x0b -> Node 0
SRAT: PXM 1 -> APIC 0x20 -> Node 1
SRAT: PXM 1 -> APIC 0x21 -> Node 1
SRAT: PXM 1 -> APIC 0x22 -> Node 1
SRAT: PXM 1 -> APIC 0x23 -> Node 1
SRAT: PXM 1 -> APIC 0x24 -> Node 1
SRAT: PXM 1 -> APIC 0x25 -> Node 1
SRAT: PXM 1 -> APIC 0x26 -> Node 1
SRAT: PXM 1 -> APIC 0x27 -> Node 1
SRAT: PXM 1 -> APIC 0x28 -> Node 1
SRAT: PXM 1 -> APIC 0x29 -> Node 1
SRAT: PXM 1 -> APIC 0x2a -> Node 1
SRAT: PXM 1 -> APIC 0x2b -> Node 1
ACPI: SRAT: Node 0 PXM 0 [mem 0x00000000-0x3fffffff]
ACPI: SRAT: Node 0 PXM 0 [mem 0x100000000-0x4bfffffff]
ACPI: SRAT: Node 1 PXM 1 [mem 0x4c0000000-0x8bfffffff]
NUMA: Initialized distance table, cnt=2
NUMA: Node 0 [mem 0x00000000-0x3fffffff] + [mem 0x100000000-0x4bfffffff] -> [mem 0x00000000-0x4bfffffff]
NODE_DATA(0) allocated [mem 0x4bffd5000-0x4bfffffff]
NODE_DATA(1) allocated [mem 0x8bffd4000-0x8bfffefff]
crashkernel reserved: 0x000000001f000000 - 0x000000002f000000 (256 MB)
Zone ranges:
  DMA      [mem 0x0000000000001000-0x0000000000ffffff]
  DMA32    [mem 0x0000000001000000-0x00000000ffffffff]
  Normal   [mem 0x0000000100000000-0x00000008bfffffff]
  Device   empty
Movable zone start for each node
Early memory node ranges
  node   0: [mem 0x0000000000001000-0x000000000009dfff]
  node   0: [mem 0x0000000000100000-0x000000003c873fff]
  node   0: [mem 0x000000003eb00000-0x000000003eb21fff]
  node   0: [mem 0x000000003eb24000-0x000000003eb24fff]
  node   0: [mem 0x000000003ebab000-0x000000003effffff]
  node   0: [mem 0x0000000100000000-0x00000004bfffffff]
  node   1: [mem 0x00000004c0000000-0x00000008bfffffff]
Initmem setup node 0 [mem 0x0000000000001000-0x00000004bfffffff]
Initmem setup node 1 [mem 0x00000004c0000000-0x00000008bfffffff]
On node 0, zone DMA: 1 pages in unavailable ranges
On node 0, zone DMA: 98 pages in unavailable ranges
On node 0, zone DMA32: 8844 pages in unavailable ranges
On node 0, zone DMA32: 2 pages in unavailable ranges
On node 0, zone DMA32: 134 pages in unavailable ranges
On node 0, zone Normal: 4096 pages in unavailable ranges
ACPI: PM-Timer IO Port: 0x408
ACPI: LAPIC_NMI (acpi_id[0x00] high edge lint[0x1])
ACPI: LAPIC_NMI (acpi_id[0x02] high edge lint[0x1])
ACPI: LAPIC_NMI (acpi_id[0x04] high edge lint[0x1])
ACPI: LAPIC_NMI (acpi_id[0x06] high edge lint[0x1])
ACPI: LAPIC_NMI (acpi_id[0x08] high edge lint[0x1])
ACPI: LAPIC_NMI (acpi_id[0x0a] high edge lint[0x1])
ACPI: LAPIC_NMI (acpi_id[0x0c] high edge lint[0x1])
ACPI: LAPIC_NMI (acpi_id[0x0e] high edge lint[0x1])
ACPI: LAPIC_NMI (acpi_id[0x10] high edge lint[0x1])
ACPI: LAPIC_NMI (acpi_id[0x12] high edge lint[0x1])
ACPI: LAPIC_NMI (acpi_id[0x14] high edge lint[0x1])
ACPI: LAPIC_NMI (acpi_id[0x16] high edge lint[0x1])
ACPI: LAPIC_NMI (acpi_id[0x01] high edge lint[0x1])
ACPI: LAPIC_NMI (acpi_id[0x03] high edge lint[0x1])
ACPI: LAPIC_NMI (acpi_id[0x05] high edge lint[0x1])
ACPI: LAPIC_NMI (acpi_id[0x07] high edge lint[0x1])
ACPI: LAPIC_NMI (acpi_id[0x09] high edge lint[0x1])
ACPI: LAPIC_NMI (acpi_id[0x0b] high edge lint[0x1])
ACPI: LAPIC_NMI (acpi_id[0x0d] high edge lint[0x1])
ACPI: LAPIC_NMI (acpi_id[0x0f] high edge lint[0x1])
ACPI: LAPIC_NMI (acpi_id[0x11] high edge lint[0x1])
ACPI: LAPIC_NMI (acpi_id[0x13] high edge lint[0x1])
ACPI: LAPIC_NMI (acpi_id[0x15] high edge lint[0x1])
ACPI: LAPIC_NMI (acpi_id[0x17] high edge lint[0x1])
IOAPIC[0]: apic_id 0, version 32, address 0xfec00000, GSI 0-23
IOAPIC[1]: apic_id 2, version 32, address 0xfec01000, GSI 24-47
IOAPIC[2]: apic_id 3, version 32, address 0xfec40000, GSI 48-71
ACPI: INT_SRC_OVR (bus 0 bus_irq 0 global_irq 2 dfl dfl)
ACPI: INT_SRC_OVR (bus 0 bus_irq 9 global_irq 9 high level)
ACPI: Using ACPI (MADT) for SMP configuration information
ACPI: HPET id: 0x8086a701 base: 0xfed00000
TSC deadline timer available
CPU topo: Max. logical packages:   2
CPU topo: Max. logical dies:       2
CPU topo: Max. dies per package:   1
CPU topo: Max. threads per core:   2
CPU topo: Num. cores per package:     6
CPU topo: Num. threads per package:  12
CPU topo: Allowing 24 present CPUs plus 0 hotplug CPUs
PM: hibernation: Registered nosave memory: [mem 0x00000000-0x00000fff]
PM: hibernation: Registered nosave memory: [mem 0x0009e000-0x0009efff]
PM: hibernation: Registered nosave memory: [mem 0x0009f000-0x0009ffff]
PM: hibernation: Registered nosave memory: [mem 0x000a0000-0x000dffff]
PM: hibernation: Registered nosave memory: [mem 0x000e0000-0x000fffff]
PM: hibernation: Registered nosave memory: [mem 0x3c874000-0x3cb7dfff]
PM: hibernation: Registered nosave memory: [mem 0x3cb7e000-0x3cc93fff]
PM: hibernation: Registered nosave memory: [mem 0x3cc94000-0x3d8b1fff]
PM: hibernation: Registered nosave memory: [mem 0x3d8b2000-0x3eafffff]
PM: hibernation: Registered nosave memory: [mem 0x3eb22000-0x3eb23fff]
PM: hibernation: Registered nosave memory: [mem 0x3eb25000-0x3ebaafff]
PM: hibernation: Registered nosave memory: [mem 0x3f000000-0x3fffffff]
PM: hibernation: Registered nosave memory: [mem 0x40000000-0x4fffffff]
PM: hibernation: Registered nosave memory: [mem 0x50000000-0xfed1bfff]
PM: hibernation: Registered nosave memory: [mem 0xfed1c000-0xfed1ffff]
PM: hibernation: Registered nosave memory: [mem 0xfed20000-0xfeffffff]
PM: hibernation: Registered nosave memory: [mem 0xff000000-0xffffffff]
[mem 0x50000000-0xfed1bfff] available for PCI devices
Booting paravirtualized kernel on bare hardware
clocksource: refined-jiffies: mask: 0xffffffff max_cycles: 0xffffffff, max_idle_ns: 1910969940391419 ns
Warning: Deprecated Hardware is detected: x86_64-v2:GenuineIntel:Intel(R) Xeon(R) CPU E5-2620 v2 @ 2.10GHz will not be maintained in a future major release and may be disabled
setup_percpu: NR_CPUS:8192 nr_cpumask_bits:24 nr_cpu_ids:24 nr_node_ids:2
percpu: Embedded 64 pages/cpu s225280 r8192 d28672 u262144
pcpu-alloc: s225280 r8192 d28672 u262144 alloc=1*2097152
pcpu-alloc: [0] 00 01 02 03 04 05 12 13 [0] 14 15 16 17 -- -- -- -- 
pcpu-alloc: [1] 06 07 08 09 10 11 18 19 [1] 20 21 22 23 -- -- -- -- 
Unknown kernel command line parameters "BOOT_IMAGE=(hd0,msdos2)/boot/vmlinuz-5.14.0-559.el9.x86_64", will be passed to user space.
random: crng init done
Fallback order for Node 0: 0 1 
Fallback order for Node 1: 1 0 
Built 2 zonelists, mobility grouping on.  Total pages: 8244408
Policy zone: Normal
mem auto-init: stack:off, heap alloc:off, heap free:off
software IO TLB: area num 32.
Memory: 862304K/33501732K available (16384K kernel code, 5759K rwdata, 13496K rodata, 4040K init, 7416K bss, 982940K reserved, 0K cma-reserved)
SLUB: HWalign=64, Order=0-3, MinObjects=0, CPUs=24, Nodes=2
Kernel/User page tables isolation: enabled
ftrace: allocating 48929 entries in 192 pages
ftrace: allocated 192 pages with 2 groups
Dynamic Preempt: voluntary
rcu: Preemptible hierarchical RCU implementation.
rcu: 	RCU event tracing is enabled.
rcu: 	RCU restricting CPUs from NR_CPUS=8192 to nr_cpu_ids=24.
	Trampoline variant of Tasks RCU enabled.
	Rude variant of Tasks RCU enabled.
	Tracing variant of Tasks RCU enabled.
rcu: RCU calculated value of scheduler-enlistment delay is 100 jiffies.
rcu: Adjusting geometry for rcu_fanout_leaf=16, nr_cpu_ids=24
RCU Tasks: Setting shift to 5 and lim to 1 rcu_task_cb_adjust=1.
RCU Tasks Rude: Setting shift to 5 and lim to 1 rcu_task_cb_adjust=1.
RCU Tasks Trace: Setting shift to 5 and lim to 1 rcu_task_cb_adjust=1.
NR_IRQS: 524544, nr_irqs: 1432, preallocated irqs: 16
rcu: srcu_init: Setting srcu_struct sizes based on contention.
kfence: initialized - using 2097152 bytes for 255 objects at 0x(____ptrval____)-0x(____ptrval____)
Console: colour VGA+ 80x25
printk: legacy console [tty0] enabled
mempolicy: Enabling automatic NUMA balancing. Configure with numa_balancing= or the kernel.numa_balancing sysctl
ACPI: Core revision 20230331
clocksource: hpet: mask: 0xffffffff max_cycles: 0xffffffff, max_idle_ns: 133484882848 ns
APIC: Switch to symmetric I/O mode setup
DMAR: Host address width 46
DMAR: DRHD base: 0x000000fbffe000 flags: 0x0
DMAR: dmar0: reg_base_addr fbffe000 ver 1:0 cap d2078c106f0466 ecap f020da
DMAR: DRHD base: 0x000000b7ffc000 flags: 0x1
DMAR: dmar1: reg_base_addr b7ffc000 ver 1:0 cap d2078c106f0466 ecap f020da
DMAR: RMRR base: 0x0000003cb3c000 end: 0x0000003cb60fff
DMAR: RHSA base: 0x000000fbffe000 proximity domain: 0x1
DMAR: RHSA base: 0x000000b7ffc000 proximity domain: 0x0
DMAR-IR: IOAPIC id 3 under DRHD base  0xfbffe000 IOMMU 0
DMAR-IR: IOAPIC id 0 under DRHD base  0xb7ffc000 IOMMU 1
DMAR-IR: IOAPIC id 2 under DRHD base  0xb7ffc000 IOMMU 1
DMAR-IR: HPET id 0 under DRHD base 0xb7ffc000
DMAR-IR: Queued invalidation will be enabled to support x2apic and Intr-remapping.
DMAR-IR: Enabled IRQ remapping in x2apic mode
x2apic enabled
APIC: Switched APIC routing to: cluster x2apic
..TIMER: vector=0x30 apic1=0 pin1=2 apic2=-1 pin2=-1
clocksource: tsc-early: mask: 0xffffffffffffffff max_cycles: 0x1e623648e54, max_idle_ns: 440795259306 ns
Calibrating delay loop (skipped), value calculated using timer frequency.. 4215.73 BogoMIPS (lpj=2107865)
CPU0: Thermal monitoring enabled (TM1)
process: using mwait in idle threads
Last level iTLB entries: 4KB 512, 2MB 8, 4MB 8
Last level dTLB entries: 4KB 512, 2MB 0, 4MB 0, 1GB 4
Spectre V1 : Mitigation: usercopy/swapgs barriers and __user pointer sanitization
Spectre V2 : Mitigation: Retpolines
Spectre V2 : Spectre v2 / SpectreRSB mitigation: Filling RSB on context switch
Spectre V2 : Spectre v2 / SpectreRSB : Filling RSB on VMEXIT
Spectre V2 : Enabling Restricted Speculation for firmware calls
Spectre V2 : mitigation: Enabling conditional Indirect Branch Prediction Barrier
Spectre V2 : User space: Mitigation: STIBP via prctl
Speculative Store Bypass: Mitigation: Speculative Store Bypass disabled via prctl
MDS: Mitigation: Clear CPU buffers
MMIO Stale Data: Unknown: No mitigations
x86/fpu: Supporting XSAVE feature 0x001: 'x87 floating point registers'
x86/fpu: Supporting XSAVE feature 0x002: 'SSE registers'
x86/fpu: Supporting XSAVE feature 0x004: 'AVX registers'
x86/fpu: xstate_offset[2]:  576, xstate_sizes[2]:  256
x86/fpu: Enabled xstate features 0x7, context size is 832 bytes, using 'standard' format.
Freeing SMP alternatives memory: 40K
pid_max: default: 32768 minimum: 301
LSM: initializing lsm=lockdown,capability,yama,integrity,selinux,bpf
Yama: becoming mindful.
SELinux:  Initializing.
LSM support for eBPF active
Dentry cache hash table entries: 4194304 (order: 13, 33554432 bytes, vmalloc hugepage)
Inode-cache hash table entries: 2097152 (order: 12, 16777216 bytes, vmalloc hugepage)
Mount-cache hash table entries: 65536 (order: 7, 524288 bytes, vmalloc)
Mountpoint-cache hash table entries: 65536 (order: 7, 524288 bytes, vmalloc)
smpboot: CPU0: Intel(R) Xeon(R) CPU E5-2620 v2 @ 2.10GHz (family: 0x6, model: 0x3e, stepping: 0x4)
Performance Events: PEBS fmt1+, IvyBridge events, 16-deep LBR, full-width counters, Intel PMU driver.
... version:                3
... bit width:              48
... generic registers:      4
... value mask:             0000ffffffffffff
... max period:             00007fffffffffff
... fixed-purpose events:   3
... event mask:             000000070000000f
signal: max sigframe size: 1776
Estimated ratio of average max frequency by base frequency (times 1024): 1170
rcu: Hierarchical SRCU implementation.
rcu: 	Max phase no-delay instances is 400.
NMI watchdog: Enabled. Permanently consumes one hw-PMU counter.
smp: Bringing up secondary CPUs ...
smpboot: x86: Booting SMP configuration:
.... node  #0, CPUs:        #1  #2  #3  #4  #5
.... node  #1, CPUs:    #6  #7  #8  #9 #10 #11
.... node  #0, CPUs:   #12 #13 #14 #15 #16 #17
.... node  #1, CPUs:   #18 #19 #20 #21 #22 #23
MDS CPU bug present and SMT on, data leak possible. See  for more details.
smp: Brought up 2 nodes, 24 CPUs
smpboot: Total of 24 processors activated (101177.52 BogoMIPS)
node 0 deferred pages initialised in 29ms
node 1 deferred pages initialised in 31ms
devtmpfs: initialized
x86/mm: Memory block size: 128MB
ACPI: PM: Registering ACPI NVS region [mem 0x3cc94000-0x3d8b1fff] (12705792 bytes)
ACPI: PM: Registering ACPI NVS region [mem 0x3eb25000-0x3ebaafff] (548864 bytes)
clocksource: jiffies: mask: 0xffffffff max_cycles: 0xffffffff, max_idle_ns: 1911260446275000 ns
futex hash table entries: 8192 (order: 7, 524288 bytes, vmalloc)
pinctrl core: initialized pinctrl subsystem
NET: Registered PF_NETLINK/PF_ROUTE protocol family
DMA: preallocated 4096 KiB GFP_KERNEL pool for atomic allocations
DMA: preallocated 4096 KiB GFP_KERNEL|GFP_DMA pool for atomic allocations
DMA: preallocated 4096 KiB GFP_KERNEL|GFP_DMA32 pool for atomic allocations
audit: initializing netlink subsys (disabled)
audit: type=2000 audit(1738841421.128:1): state=initialized audit_enabled=0 res=1
thermal_sys: Registered thermal governor 'fair_share'
thermal_sys: Registered thermal governor 'step_wise'
thermal_sys: Registered thermal governor 'user_space'
cpuidle: using governor menu
ACPI FADT declares the system doesn't support PCIe ASPM, so disable it
acpiphp: ACPI Hot Plug PCI Controller Driver version: 0.5
PCI: ECAM [mem 0x40000000-0x4fffffff] (base 0x40000000) for domain 0000 [bus 00-ff]
PCI: ECAM [mem 0x40000000-0x4fffffff] reserved as E820 entry
PCI: Using configuration type 1 for base access
core: PMU erratum BJ122, BV98, HSD29 worked around, HT is on
kprobes: kprobe jump-optimization is enabled. All kprobes are optimized if possible.
HugeTLB: registered 1.00 GiB page size, pre-allocated 0 pages
HugeTLB: 16380 KiB vmemmap can be freed for a 1.00 GiB page
HugeTLB: registered 2.00 MiB page size, pre-allocated 0 pages
HugeTLB: 28 KiB vmemmap can be freed for a 2.00 MiB page
Demotion targets for Node 0: null
Demotion targets for Node 1: null
cryptd: max_cpu_qlen set to 1000
ACPI: Added _OSI(Module Device)
ACPI: Added _OSI(Processor Device)
ACPI: Added _OSI(3.0 _SCP Extensions)
ACPI: Added _OSI(Processor Aggregator Device)
ACPI: 2 ACPI AML tables successfully acquired and loaded
ACPI: _OSC evaluated successfully for all CPUs
ACPI: Interpreter enabled
ACPI: PM: (supports S0 S3 S4 S5)
ACPI: Using IOAPIC for interrupt routing
HEST: Table parsing has been initialized.
GHES: APEI firmware first mode is enabled by WHEA _OSC.
PCI: Using host bridge windows from ACPI; if necessary, use "pci=nocrs" and report a bug
PCI: Using E820 reservations for host bridge windows
ACPI: Enabled 8 GPEs in block 00 to 3F
ACPI: [Firmware Bug]: BIOS _OSI(Linux) query ignored
ACPI: PCI Root Bridge [PCI0] (domain 0000 [bus 00-7e])
acpi PNP0A08:00: _OSC: OS supports [ExtendedConfig ASPM ClockPM Segments MSI EDR HPX-Type3]
acpi PNP0A08:00: _OSC: platform does not support [SHPCHotplug AER LTR DPC]
acpi PNP0A08:00: _OSC: OS now controls [PCIeHotplug PME PCIeCapability]
acpi PNP0A08:00: FADT indicates ASPM is unsupported, using BIOS configuration
PCI host bridge to bus 0000:00
pci_bus 0000:00: root bus resource [io  0x0000-0x03af window]
pci_bus 0000:00: root bus resource [io  0x03e0-0x0cf7 window]
pci_bus 0000:00: root bus resource [io  0x03b0-0x03df window]
pci_bus 0000:00: root bus resource [io  0x0d00-0xbfff window]
pci_bus 0000:00: root bus resource [mem 0x000a0000-0x000dffff window]
pci_bus 0000:00: root bus resource [mem 0x40000000-0xb7ffffff window]
pci_bus 0000:00: root bus resource [bus 00-7e]
pci 0000:00:00.0: [8086:0e00] type 00 class 0x060000 PCIe Root Port
pci 0000:00:00.0: PME# supported from D0 D3hot D3cold
pci 0000:00:01.0: [8086:0e02] type 01 class 0x060400 PCIe Root Port
pci 0000:00:01.0: PCI bridge to [bus 01]
pci 0000:00:01.0: PME# supported from D0 D3hot D3cold
pci 0000:00:01.1: [8086:0e03] type 01 class 0x060400 PCIe Root Port
pci 0000:00:01.1: PCI bridge to [bus 02]
pci 0000:00:01.1: PME# supported from D0 D3hot D3cold
pci 0000:00:02.0: [8086:0e04] type 01 class 0x060400 PCIe Root Port
pci 0000:00:02.0: PCI bridge to [bus 03]
pci 0000:00:02.0: PME# supported from D0 D3hot D3cold
pci 0000:00:02.2: [8086:0e06] type 01 class 0x060400 PCIe Root Port
pci 0000:00:02.2: PCI bridge to [bus 04]
pci 0000:00:02.2:   bridge window [mem 0xb5000000-0xb60fffff]
pci 0000:00:02.2:   bridge window [mem 0xa0000000-0xb1ffffff 64bit pref]
pci 0000:00:02.2: PME# supported from D0 D3hot D3cold
pci 0000:00:03.0: [8086:0e08] type 01 class 0x060400 PCIe Root Port
pci 0000:00:03.0: PCI bridge to [bus 05]
pci 0000:00:03.0: enabling Extended Tags
pci 0000:00:03.0: PME# supported from D0 D3hot D3cold
pci 0000:00:05.0: [8086:0e28] type 00 class 0x088000 PCIe Root Complex Integrated Endpoint
pci 0000:00:05.2: [8086:0e2a] type 00 class 0x088000 PCIe Root Complex Integrated Endpoint
pci 0000:00:05.4: [8086:0e2c] type 00 class 0x080020 PCIe Root Complex Integrated Endpoint
pci 0000:00:05.4: BAR 0 [mem 0xb410b000-0xb410bfff]
pci 0000:00:11.0: [8086:1d3e] type 01 class 0x060400 PCIe Root Port
pci 0000:00:11.0: PCI bridge to [bus 06]
pci 0000:00:11.0:   bridge window [io  0xa000-0xafff]
pci 0000:00:11.0:   bridge window [mem 0xb6400000-0xb68fffff]
pci 0000:00:11.0:   bridge window [mem 0xb2100000-0xb21fffff 64bit pref]
pci 0000:00:11.0: PME# supported from D0 D3hot D3cold
pci 0000:00:16.0: [8086:1d3a] type 00 class 0x078000 conventional PCI endpoint
pci 0000:00:16.0: BAR 0 [mem 0xb410a000-0xb410a00f 64bit]
pci 0000:00:16.0: PME# supported from D0 D3hot D3cold
pci 0000:00:16.1: [8086:1d3b] type 00 class 0x078000 conventional PCI endpoint
pci 0000:00:16.1: BAR 0 [mem 0xb4109000-0xb410900f 64bit]
pci 0000:00:16.1: PME# supported from D0 D3hot D3cold
pci 0000:00:1a.0: [8086:1d2d] type 00 class 0x0c0320 conventional PCI endpoint
pci 0000:00:1a.0: BAR 0 [mem 0xb4107000-0xb41073ff]
pci 0000:00:1a.0: PME# supported from D0 D3hot D3cold
pci 0000:00:1b.0: [8086:1d20] type 00 class 0x040300 PCIe Root Complex Integrated Endpoint
pci 0000:00:1b.0: BAR 0 [mem 0xb4100000-0xb4103fff 64bit]
pci 0000:00:1b.0: PME# supported from D0 D3hot D3cold
pci 0000:00:1c.0: [8086:1d10] type 01 class 0x060400 PCIe Root Port
pci 0000:00:1c.0: PCI bridge to [bus 07]
pci 0000:00:1c.0:   bridge window [io  0x9000-0x9fff]
pci 0000:00:1c.0:   bridge window [mem 0xb6f00000-0xb6ffffff]
pci 0000:00:1c.0: PME# supported from D0 D3hot D3cold
pci 0000:00:1c.1: [8086:1d12] type 01 class 0x060400 PCIe Root Port
pci 0000:00:1c.1: PCI bridge to [bus 08]
pci 0000:00:1c.1:   bridge window [io  0x8000-0x8fff]
pci 0000:00:1c.1:   bridge window [mem 0xb6e00000-0xb6efffff]
pci 0000:00:1c.1: PME# supported from D0 D3hot D3cold
pci 0000:00:1c.2: [8086:1d14] type 01 class 0x060400 PCIe Root Port
pci 0000:00:1c.2: PCI bridge to [bus 09]
pci 0000:00:1c.2:   bridge window [mem 0xb6d00000-0xb6dfffff]
pci 0000:00:1c.2: PME# supported from D0 D3hot D3cold
pci 0000:00:1c.3: [8086:1d16] type 01 class 0x060400 PCIe Root Port
pci 0000:00:1c.3: PCI bridge to [bus 0a]
pci 0000:00:1c.3:   bridge window [mem 0xb6c00000-0xb6cfffff]
pci 0000:00:1c.3: PME# supported from D0 D3hot D3cold
pci 0000:00:1c.4: [8086:1d18] type 01 class 0x060400 PCIe Root Port
pci 0000:00:1c.4: PCI bridge to [bus 0b]
pci 0000:00:1c.4:   bridge window [io  0x7000-0x7fff]
pci 0000:00:1c.4:   bridge window [mem 0xb6b00000-0xb6bfffff]
pci 0000:00:1c.4: PME# supported from D0 D3hot D3cold
pci 0000:00:1c.6: [8086:1d1c] type 01 class 0x060400 PCIe Root Port
pci 0000:00:1c.6: PCI bridge to [bus 0c]
pci 0000:00:1c.6:   bridge window [io  0x6000-0x6fff]
pci 0000:00:1c.6:   bridge window [mem 0xb6a00000-0xb6afffff]
pci 0000:00:1c.6: PME# supported from D0 D3hot D3cold
pci 0000:00:1c.7: [8086:1d1e] type 01 class 0x060400 PCIe Root Port
pci 0000:00:1c.7: PCI bridge to [bus 0d-0e]
pci 0000:00:1c.7:   bridge window [io  0x5000-0x5fff]
pci 0000:00:1c.7:   bridge window [mem 0xb3000000-0xb40fffff]
pci 0000:00:1c.7: PME# supported from D0 D3hot D3cold
pci 0000:00:1d.0: [8086:1d26] type 00 class 0x0c0320 conventional PCI endpoint
pci 0000:00:1d.0: BAR 0 [mem 0xb4106000-0xb41063ff]
pci 0000:00:1d.0: PME# supported from D0 D3hot D3cold
pci 0000:00:1e.0: [8086:244e] type 01 class 0x060401 conventional PCI bridge
pci 0000:00:1e.0: PCI bridge to [bus 0f] (subtractive decode)
pci 0000:00:1f.0: [8086:1d41] type 00 class 0x060100 conventional PCI endpoint
pci 0000:00:1f.2: [8086:1d02] type 00 class 0x010601 conventional PCI endpoint
pci 0000:00:1f.2: BAR 0 [io  0xb070-0xb077]
pci 0000:00:1f.2: BAR 1 [io  0xb060-0xb063]
pci 0000:00:1f.2: BAR 2 [io  0xb050-0xb057]
pci 0000:00:1f.2: BAR 3 [io  0xb040-0xb043]
pci 0000:00:1f.2: BAR 4 [io  0xb020-0xb03f]
pci 0000:00:1f.2: BAR 5 [mem 0xb4105000-0xb41057ff]
pci 0000:00:1f.2: PME# supported from D3hot
pci 0000:00:1f.3: [8086:1d22] type 00 class 0x0c0500 conventional PCI endpoint
pci 0000:00:1f.3: BAR 0 [mem 0xb4104000-0xb41040ff 64bit]
pci 0000:00:1f.3: BAR 4 [io  0xb000-0xb01f]
pci 0000:00:01.0: PCI bridge to [bus 01]
pci 0000:00:01.1: PCI bridge to [bus 02]
pci 0000:00:02.0: PCI bridge to [bus 03]
pci 0000:04:00.0: [10de:1022] type 00 class 0x030200 PCIe Endpoint
pci 0000:04:00.0: BAR 0 [mem 0xb5000000-0xb5ffffff]
pci 0000:04:00.0: BAR 1 [mem 0xa0000000-0xafffffff 64bit pref]
pci 0000:04:00.0: BAR 3 [mem 0xb0000000-0xb1ffffff 64bit pref]
pci 0000:04:00.0: ROM [mem 0xb6000000-0xb607ffff pref]
pci 0000:04:00.0: enabling Extended Tags
pci 0000:04:00.0: Enabling HDA controller
pci 0000:04:00.0: 32.000 Gb/s available PCIe bandwidth, limited by 5.0 GT/s PCIe x8 link at 0000:00:02.2 (capable of 64.000 Gb/s with 5.0 GT/s PCIe x16 link)
pci 0000:00:02.2: PCI bridge to [bus 04]
pci 0000:00:03.0: PCI bridge to [bus 05]
pci 0000:06:00.0: [8086:1d6b] type 00 class 0x010700 PCIe Endpoint
pci 0000:06:00.0: BAR 0 [mem 0xb6800000-0xb6803fff 64bit pref]
pci 0000:06:00.0: BAR 2 [mem 0xb6400000-0xb67fffff 64bit pref]
pci 0000:06:00.0: BAR 4 [io  0xa000-0xa0ff]
pci 0000:06:00.0: enabling Extended Tags
pci 0000:06:00.0: VF BAR 0 [mem 0xb2100000-0xb2103fff 64bit pref]
pci 0000:06:00.0: VF BAR 0 [mem 0xb2100000-0xb217bfff 64bit pref]: contains BAR 0 for 31 VFs
pci 0000:00:11.0: PCI bridge to [bus 06]
pci 0000:07:00.0: [8086:10d3] type 00 class 0x020000 PCIe Endpoint
pci 0000:07:00.0: BAR 0 [mem 0xb6f00000-0xb6f1ffff]
pci 0000:07:00.0: BAR 2 [io  0x9000-0x901f]
pci 0000:07:00.0: BAR 3 [mem 0xb6f20000-0xb6f23fff]
pci 0000:07:00.0: PME# supported from D0 D3hot D3cold
pci 0000:00:1c.0: PCI bridge to [bus 07]
pci 0000:08:00.0: [8086:10d3] type 00 class 0x020000 PCIe Endpoint
pci 0000:08:00.0: BAR 0 [mem 0xb6e00000-0xb6e1ffff]
pci 0000:08:00.0: BAR 2 [io  0x8000-0x801f]
pci 0000:08:00.0: BAR 3 [mem 0xb6e20000-0xb6e23fff]
pci 0000:08:00.0: PME# supported from D0 D3hot D3cold
pci 0000:00:1c.1: PCI bridge to [bus 08]
pci 0000:09:00.0: [1b21:1042] type 00 class 0x0c0330 PCIe Legacy Endpoint
pci 0000:09:00.0: BAR 0 [mem 0xb6d00000-0xb6d07fff 64bit]
pci 0000:09:00.0: PME# supported from D3hot D3cold
pci 0000:00:1c.2: PCI bridge to [bus 09]
pci 0000:0a:00.0: [1b21:1042] type 00 class 0x0c0330 PCIe Legacy Endpoint
pci 0000:0a:00.0: BAR 0 [mem 0xb6c00000-0xb6c07fff 64bit]
pci 0000:0a:00.0: PME# supported from D3hot D3cold
pci 0000:00:1c.3: PCI bridge to [bus 0a]
pci 0000:0b:00.0: [1b4b:9230] type 00 class 0x010601 PCIe Legacy Endpoint
pci 0000:0b:00.0: BAR 0 [io  0x7050-0x7057]
pci 0000:0b:00.0: BAR 1 [io  0x7040-0x7043]
pci 0000:0b:00.0: BAR 2 [io  0x7030-0x7037]
pci 0000:0b:00.0: BAR 3 [io  0x7020-0x7023]
pci 0000:0b:00.0: BAR 4 [io  0x7000-0x701f]
pci 0000:0b:00.0: BAR 5 [mem 0xb6b10000-0xb6b107ff]
pci 0000:0b:00.0: ROM [mem 0xb6b00000-0xb6b0ffff pref]
pci 0000:0b:00.0: Enabling fixed DMA alias to 00.1
pci 0000:0b:00.0: PME# supported from D3hot
pci 0000:00:1c.4: PCI bridge to [bus 0b]
pci 0000:0c:00.0: [1106:3403] type 00 class 0x0c0010 PCIe Endpoint
pci 0000:0c:00.0: BAR 0 [mem 0xb6a00000-0xb6a007ff 64bit]
pci 0000:0c:00.0: BAR 2 [io  0x6000-0x60ff]
pci 0000:0c:00.0: supports D2
pci 0000:0c:00.0: PME# supported from D2 D3hot D3cold
pci 0000:00:1c.6: PCI bridge to [bus 0c]
pci 0000:0d:00.0: [1a03:1150] type 01 class 0x060400 PCIe to PCI/PCI-X bridge
pci 0000:0d:00.0: PCI bridge to [bus 0e]
pci 0000:0d:00.0:   bridge window [io  0x5000-0x5fff]
pci 0000:0d:00.0:   bridge window [mem 0xb3000000-0xb40fffff]
pci 0000:0d:00.0: supports D1 D2
pci 0000:0d:00.0: PME# supported from D0 D1 D2 D3hot D3cold
pci 0000:00:1c.7: PCI bridge to [bus 0d-0e]
pci_bus 0000:0e: extended config space not accessible
pci 0000:0e:00.0: [1a03:2000] type 00 class 0x030000 conventional PCI endpoint
pci 0000:0e:00.0: BAR 0 [mem 0xb3000000-0xb3ffffff]
pci 0000:0e:00.0: BAR 1 [mem 0xb4000000-0xb401ffff]
pci 0000:0e:00.0: BAR 2 [io  0x5000-0x507f]
pci 0000:0e:00.0: Video device with shadowed ROM at [mem 0x000c0000-0x000dffff]
pci 0000:0e:00.0: supports D1 D2
pci 0000:0e:00.0: PME# supported from D0 D1 D2 D3hot D3cold
pci 0000:0d:00.0: PCI bridge to [bus 0e]
pci_bus 0000:0f: extended config space not accessible
pci 0000:00:1e.0: PCI bridge to [bus 0f] (subtractive decode)
pci 0000:00:1e.0:   bridge window [io  0x0000-0x03af window] (subtractive decode)
pci 0000:00:1e.0:   bridge window [io  0x03e0-0x0cf7 window] (subtractive decode)
pci 0000:00:1e.0:   bridge window [io  0x03b0-0x03df window] (subtractive decode)
pci 0000:00:1e.0:   bridge window [io  0x0d00-0xbfff window] (subtractive decode)
pci 0000:00:1e.0:   bridge window [mem 0x000a0000-0x000dffff window] (subtractive decode)
pci 0000:00:1e.0:   bridge window [mem 0x40000000-0xb7ffffff window] (subtractive decode)
pci_bus 0000:00: on NUMA node 0
ACPI: PCI Root Bridge [UNC0] (domain 0000 [bus 7f])
acpi PNP0A03:00: _OSC: OS supports [ExtendedConfig ASPM ClockPM Segments MSI EDR HPX-Type3]
acpi PNP0A03:00: _OSC: OS now controls [PCIeHotplug SHPCHotplug PME AER PCIeCapability LTR DPC]
acpi PNP0A03:00: FADT indicates ASPM is unsupported, using BIOS configuration
PCI host bridge to bus 0000:7f
pci_bus 0000:7f: root bus resource [bus 7f]
pci 0000:7f:08.0: [8086:0e80] type 00 class 0x088000 conventional PCI endpoint
pci 0000:7f:09.0: [8086:0e90] type 00 class 0x088000 conventional PCI endpoint
pci 0000:7f:0a.0: [8086:0ec0] type 00 class 0x088000 conventional PCI endpoint
pci 0000:7f:0a.1: [8086:0ec1] type 00 class 0x088000 conventional PCI endpoint
pci 0000:7f:0a.2: [8086:0ec2] type 00 class 0x088000 conventional PCI endpoint
pci 0000:7f:0a.3: [8086:0ec3] type 00 class 0x088000 conventional PCI endpoint
pci 0000:7f:0b.0: [8086:0e1e] type 00 class 0x088000 conventional PCI endpoint
pci 0000:7f:0b.3: [8086:0e1f] type 00 class 0x088000 conventional PCI endpoint
pci 0000:7f:0c.0: [8086:0ee0] type 00 class 0x088000 conventional PCI endpoint
pci 0000:7f:0c.1: [8086:0ee2] type 00 class 0x088000 conventional PCI endpoint
pci 0000:7f:0c.2: [8086:0ee4] type 00 class 0x088000 conventional PCI endpoint
pci 0000:7f:0d.0: [8086:0ee1] type 00 class 0x088000 conventional PCI endpoint
pci 0000:7f:0d.1: [8086:0ee3] type 00 class 0x088000 conventional PCI endpoint
pci 0000:7f:0d.2: [8086:0ee5] type 00 class 0x088000 conventional PCI endpoint
pci 0000:7f:0e.0: [8086:0ea0] type 00 class 0x088000 conventional PCI endpoint
pci 0000:7f:0e.1: [8086:0e30] type 00 class 0x110100 conventional PCI endpoint
pci 0000:7f:0f.0: [8086:0ea8] type 00 class 0x088000 PCIe Root Complex Integrated Endpoint
pci 0000:7f:0f.1: [8086:0e71] type 00 class 0x088000 PCIe Root Complex Integrated Endpoint
pci 0000:7f:0f.2: [8086:0eaa] type 00 class 0x088000 PCIe Root Complex Integrated Endpoint
pci 0000:7f:0f.3: [8086:0eab] type 00 class 0x088000 PCIe Root Complex Integrated Endpoint
pci 0000:7f:0f.4: [8086:0eac] type 00 class 0x088000 PCIe Root Complex Integrated Endpoint
pci 0000:7f:0f.5: [8086:0ead] type 00 class 0x088000 PCIe Root Complex Integrated Endpoint
pci 0000:7f:10.0: [8086:0eb0] type 00 class 0x088000 PCIe Root Complex Integrated Endpoint
pci 0000:7f:10.1: [8086:0eb1] type 00 class 0x088000 PCIe Root Complex Integrated Endpoint
pci 0000:7f:10.2: [8086:0eb2] type 00 class 0x088000 PCIe Root Complex Integrated Endpoint
pci 0000:7f:10.3: [8086:0eb3] type 00 class 0x088000 PCIe Root Complex Integrated Endpoint
pci 0000:7f:10.4: [8086:0eb4] type 00 class 0x088000 PCIe Root Complex Integrated Endpoint
pci 0000:7f:10.5: [8086:0eb5] type 00 class 0x088000 PCIe Root Complex Integrated Endpoint
pci 0000:7f:10.6: [8086:0eb6] type 00 class 0x088000 PCIe Root Complex Integrated Endpoint
pci 0000:7f:10.7: [8086:0eb7] type 00 class 0x088000 PCIe Root Complex Integrated Endpoint
pci 0000:7f:13.0: [8086:0e1d] type 00 class 0x088000 conventional PCI endpoint
pci 0000:7f:13.1: [8086:0e34] type 00 class 0x110100 conventional PCI endpoint
pci 0000:7f:13.4: [8086:0e81] type 00 class 0x088000 conventional PCI endpoint
pci 0000:7f:13.5: [8086:0e36] type 00 class 0x110100 conventional PCI endpoint
pci 0000:7f:16.0: [8086:0ec8] type 00 class 0x088000 conventional PCI endpoint
pci 0000:7f:16.1: [8086:0ec9] type 00 class 0x088000 conventional PCI endpoint
pci 0000:7f:16.2: [8086:0eca] type 00 class 0x088000 conventional PCI endpoint
pci_bus 0000:7f: on NUMA node 0
ACPI: PCI Root Bridge [PCI1] (domain 0000 [bus 80-fe])
acpi PNP0A08:01: _OSC: OS supports [ExtendedConfig ASPM ClockPM Segments MSI EDR HPX-Type3]
acpi PNP0A08:01: _OSC: platform does not support [SHPCHotplug AER LTR DPC]
acpi PNP0A08:01: _OSC: OS now controls [PCIeHotplug PME PCIeCapability]
acpi PNP0A08:01: FADT indicates ASPM is unsupported, using BIOS configuration
PCI host bridge to bus 0000:80
pci_bus 0000:80: root bus resource [io  0xc000-0xffff window]
pci_bus 0000:80: root bus resource [mem 0xb8000000-0xfbffffff window]
pci_bus 0000:80: root bus resource [bus 80-fe]
pci 0000:80:00.0: [8086:0e01] type 01 class 0x060400 PCIe Root Port
pci 0000:80:00.0: PCI bridge to [bus 81]
pci 0000:80:00.0: PME# supported from D0 D3hot D3cold
pci 0000:80:01.0: [8086:0e02] type 01 class 0x060400 PCIe Root Port
pci 0000:80:01.0: PCI bridge to [bus 82]
pci 0000:80:01.0: PME# supported from D0 D3hot D3cold
pci 0000:80:02.0: [8086:0e04] type 01 class 0x060400 PCIe Root Port
pci 0000:80:02.0: PCI bridge to [bus 83]
pci 0000:80:02.0:   bridge window [mem 0xfa000000-0xfaffffff]
pci 0000:80:02.0:   bridge window [mem 0xe0000000-0xf1ffffff 64bit pref]
pci 0000:80:02.0: PME# supported from D0 D3hot D3cold
pci 0000:80:03.0: [8086:0e08] type 01 class 0x060400 PCIe Root Port
pci 0000:80:03.0: PCI bridge to [bus 84]
pci 0000:80:03.0: enabling Extended Tags
pci 0000:80:03.0: PME# supported from D0 D3hot D3cold
pci 0000:80:05.0: [8086:0e28] type 00 class 0x088000 PCIe Root Complex Integrated Endpoint
pci 0000:80:05.2: [8086:0e2a] type 00 class 0x088000 PCIe Root Complex Integrated Endpoint
pci 0000:80:05.4: [8086:0e2c] type 00 class 0x080020 PCIe Root Complex Integrated Endpoint
pci 0000:80:05.4: BAR 0 [mem 0xfb000000-0xfb000fff]
pci 0000:80:00.0: PCI bridge to [bus 81]
pci 0000:80:01.0: PCI bridge to [bus 82]
pci 0000:83:00.0: [10de:1024] type 00 class 0x030200 PCIe Endpoint
pci 0000:83:00.0: BAR 0 [mem 0xfa000000-0xfaffffff]
pci 0000:83:00.0: BAR 1 [mem 0xe0000000-0xefffffff 64bit pref]
pci 0000:83:00.0: BAR 3 [mem 0xf0000000-0xf1ffffff 64bit pref]
pci 0000:83:00.0: enabling Extended Tags
pci 0000:83:00.0: 32.000 Gb/s available PCIe bandwidth, limited by 2.5 GT/s PCIe x16 link at 0000:80:02.0 (capable of 126.016 Gb/s with 8.0 GT/s PCIe x16 link)
pci 0000:80:02.0: PCI bridge to [bus 83]
pci 0000:80:03.0: PCI bridge to [bus 84]
pci_bus 0000:80: on NUMA node 1
ACPI: PCI Root Bridge [UNC1] (domain 0000 [bus ff])
acpi PNP0A03:01: _OSC: OS supports [ExtendedConfig ASPM ClockPM Segments MSI EDR HPX-Type3]
acpi PNP0A03:01: _OSC: OS now controls [PCIeHotplug SHPCHotplug PME AER PCIeCapability LTR DPC]
acpi PNP0A03:01: FADT indicates ASPM is unsupported, using BIOS configuration
PCI host bridge to bus 0000:ff
pci_bus 0000:ff: root bus resource [bus ff]
pci 0000:ff:08.0: [8086:0e80] type 00 class 0x088000 conventional PCI endpoint
pci 0000:ff:09.0: [8086:0e90] type 00 class 0x088000 conventional PCI endpoint
pci 0000:ff:0a.0: [8086:0ec0] type 00 class 0x088000 conventional PCI endpoint
pci 0000:ff:0a.1: [8086:0ec1] type 00 class 0x088000 conventional PCI endpoint
pci 0000:ff:0a.2: [8086:0ec2] type 00 class 0x088000 conventional PCI endpoint
pci 0000:ff:0a.3: [8086:0ec3] type 00 class 0x088000 conventional PCI endpoint
pci 0000:ff:0b.0: [8086:0e1e] type 00 class 0x088000 conventional PCI endpoint
pci 0000:ff:0b.3: [8086:0e1f] type 00 class 0x088000 conventional PCI endpoint
pci 0000:ff:0c.0: [8086:0ee0] type 00 class 0x088000 conventional PCI endpoint
pci 0000:ff:0c.1: [8086:0ee2] type 00 class 0x088000 conventional PCI endpoint
pci 0000:ff:0c.2: [8086:0ee4] type 00 class 0x088000 conventional PCI endpoint
pci 0000:ff:0d.0: [8086:0ee1] type 00 class 0x088000 conventional PCI endpoint
pci 0000:ff:0d.1: [8086:0ee3] type 00 class 0x088000 conventional PCI endpoint
pci 0000:ff:0d.2: [8086:0ee5] type 00 class 0x088000 conventional PCI endpoint
pci 0000:ff:0e.0: [8086:0ea0] type 00 class 0x088000 conventional PCI endpoint
pci 0000:ff:0e.1: [8086:0e30] type 00 class 0x110100 conventional PCI endpoint
pci 0000:ff:0f.0: [8086:0ea8] type 00 class 0x088000 PCIe Root Complex Integrated Endpoint
pci 0000:ff:0f.1: [8086:0e71] type 00 class 0x088000 PCIe Root Complex Integrated Endpoint
pci 0000:ff:0f.2: [8086:0eaa] type 00 class 0x088000 PCIe Root Complex Integrated Endpoint
pci 0000:ff:0f.3: [8086:0eab] type 00 class 0x088000 PCIe Root Complex Integrated Endpoint
pci 0000:ff:0f.4: [8086:0eac] type 00 class 0x088000 PCIe Root Complex Integrated Endpoint
pci 0000:ff:0f.5: [8086:0ead] type 00 class 0x088000 PCIe Root Complex Integrated Endpoint
pci 0000:ff:10.0: [8086:0eb0] type 00 class 0x088000 PCIe Root Complex Integrated Endpoint
pci 0000:ff:10.1: [8086:0eb1] type 00 class 0x088000 PCIe Root Complex Integrated Endpoint
pci 0000:ff:10.2: [8086:0eb2] type 00 class 0x088000 PCIe Root Complex Integrated Endpoint
pci 0000:ff:10.3: [8086:0eb3] type 00 class 0x088000 PCIe Root Complex Integrated Endpoint
pci 0000:ff:10.4: [8086:0eb4] type 00 class 0x088000 PCIe Root Complex Integrated Endpoint
pci 0000:ff:10.5: [8086:0eb5] type 00 class 0x088000 PCIe Root Complex Integrated Endpoint
pci 0000:ff:10.6: [8086:0eb6] type 00 class 0x088000 PCIe Root Complex Integrated Endpoint
pci 0000:ff:10.7: [8086:0eb7] type 00 class 0x088000 PCIe Root Complex Integrated Endpoint
pci 0000:ff:13.0: [8086:0e1d] type 00 class 0x088000 conventional PCI endpoint
pci 0000:ff:13.1: [8086:0e34] type 00 class 0x110100 conventional PCI endpoint
pci 0000:ff:13.4: [8086:0e81] type 00 class 0x088000 conventional PCI endpoint
pci 0000:ff:13.5: [8086:0e36] type 00 class 0x110100 conventional PCI endpoint
pci 0000:ff:16.0: [8086:0ec8] type 00 class 0x088000 conventional PCI endpoint
pci 0000:ff:16.1: [8086:0ec9] type 00 class 0x088000 conventional PCI endpoint
pci 0000:ff:16.2: [8086:0eca] type 00 class 0x088000 conventional PCI endpoint
pci_bus 0000:ff: on NUMA node 1
ACPI: PCI: Interrupt link LNKA configured for IRQ 11
ACPI: PCI: Interrupt link LNKB configured for IRQ 15
ACPI: PCI: Interrupt link LNKC configured for IRQ 10
ACPI: PCI: Interrupt link LNKD configured for IRQ 14
ACPI: PCI: Interrupt link LNKE configured for IRQ 0
ACPI: PCI: Interrupt link LNKF configured for IRQ 0
ACPI: PCI: Interrupt link LNKG configured for IRQ 5
ACPI: PCI: Interrupt link LNKH configured for IRQ 7
iommu: Default domain type: Translated
iommu: DMA domain TLB invalidation policy: lazy mode
SCSI subsystem initialized
ACPI: bus type USB registered
usbcore: registered new interface driver usbfs
usbcore: registered new interface driver hub
usbcore: registered new device driver usb
pps_core: LinuxPPS API ver. 1 registered
pps_core: Software ver. 5.3.6 - Copyright 2005-2007 Rodolfo Giometti 
PTP clock support registered
EDAC MC: Ver: 3.0.0
NetLabel: Initializing
NetLabel:  domain hash size = 128
NetLabel:  protocols = UNLABELED CIPSOv4 CALIPSO
NetLabel:  unlabeled traffic allowed by default
PCI: Using ACPI for IRQ routing
PCI: pci_cache_line_size set to 64 bytes
e820: reserve RAM buffer [mem 0x0009e400-0x0009ffff]
e820: reserve RAM buffer [mem 0x3c874000-0x3fffffff]
e820: reserve RAM buffer [mem 0x3eb22000-0x3fffffff]
e820: reserve RAM buffer [mem 0x3eb25000-0x3fffffff]
e820: reserve RAM buffer [mem 0x3f000000-0x3fffffff]
pci 0000:0e:00.0: vgaarb: setting as boot VGA device
pci 0000:0e:00.0: vgaarb: bridge control possible
pci 0000:0e:00.0: vgaarb: VGA device added: decodes=io+mem,owns=io+mem,locks=none
vgaarb: loaded
hpet0: at MMIO 0xfed00000, IRQs 2, 8, 0, 0, 0, 0, 0, 0
hpet0: 8 comparators, 64-bit 14.318180 MHz counter
clocksource: Switched to clocksource tsc-early
VFS: Disk quotas dquot_6.6.0
VFS: Dquot-cache hash table entries: 512 (order 0, 4096 bytes)
pnp: PnP ACPI init
system 00:00: [mem 0xfc000000-0xfcffffff] has been reserved
system 00:00: [mem 0xfd000000-0xfdffffff] has been reserved
system 00:00: [mem 0xfe000000-0xfeafffff] has been reserved
system 00:00: [mem 0xfeb00000-0xfebfffff] has been reserved
system 00:00: [mem 0xfed00400-0xfed3ffff] could not be reserved
system 00:00: [mem 0xfed45000-0xfedfffff] has been reserved
system 00:00: [mem 0x00000400-0x000004ff] could not be reserved
system 00:01: [mem 0xb7ffc000-0xb7ffdfff] could not be reserved
system 00:02: [io  0x0290-0x029f] has been reserved
system 00:04: [io  0x04d0-0x04d1] has been reserved
pnp 00:05: [dma 0 disabled]
pnp 00:06: [dma 0 disabled]
system 00:07: [io  0x0400-0x0453] has been reserved
system 00:07: [io  0x0458-0x047f] has been reserved
system 00:07: [io  0x1180-0x119f] has been reserved
system 00:07: [io  0x0500-0x057f] has been reserved
system 00:07: [mem 0xfed1c000-0xfed1ffff] has been reserved
system 00:07: [mem 0xfec00000-0xfecfffff] could not be reserved
system 00:07: [mem 0xfed08000-0xfed08fff] has been reserved
system 00:07: [mem 0xff000000-0xffffffff] has been reserved
system 00:08: [io  0x0454-0x0457] has been reserved
system 00:0a: [mem 0xfbffe000-0xfbffffff] could not be reserved
pnp: PnP ACPI: found 11 devices
clocksource: acpi_pm: mask: 0xffffff max_cycles: 0xffffff, max_idle_ns: 2085701024 ns
NET: Registered PF_INET protocol family
IP idents hash table entries: 262144 (order: 9, 2097152 bytes, vmalloc)
tcp_listen_portaddr_hash hash table entries: 16384 (order: 6, 262144 bytes, vmalloc)
Table-perturb hash table entries: 65536 (order: 6, 262144 bytes, vmalloc)
TCP established hash table entries: 262144 (order: 9, 2097152 bytes, vmalloc)
TCP bind hash table entries: 65536 (order: 8, 1048576 bytes, vmalloc)
TCP: Hash tables configured (established 262144 bind 65536)
MPTCP token hash table entries: 32768 (order: 7, 786432 bytes, vmalloc)
UDP hash table entries: 16384 (order: 7, 524288 bytes, vmalloc)
UDP-Lite hash table entries: 16384 (order: 7, 524288 bytes, vmalloc)
NET: Registered PF_UNIX/PF_LOCAL protocol family
NET: Registered PF_XDP protocol family
pci 0000:00:01.0: PCI bridge to [bus 01]
pci 0000:00:01.1: PCI bridge to [bus 02]
pci 0000:00:02.0: PCI bridge to [bus 03]
pci 0000:00:02.2: PCI bridge to [bus 04]
pci 0000:00:02.2:   bridge window [mem 0xb5000000-0xb60fffff]
pci 0000:00:02.2:   bridge window [mem 0xa0000000-0xb1ffffff 64bit pref]
pci 0000:00:03.0: PCI bridge to [bus 05]
pci 0000:00:11.0: PCI bridge to [bus 06]
pci 0000:00:11.0:   bridge window [io  0xa000-0xafff]
pci 0000:00:11.0:   bridge window [mem 0xb6400000-0xb68fffff]
pci 0000:00:11.0:   bridge window [mem 0xb2100000-0xb21fffff 64bit pref]
pci 0000:00:1c.0: PCI bridge to [bus 07]
pci 0000:00:1c.0:   bridge window [io  0x9000-0x9fff]
pci 0000:00:1c.0:   bridge window [mem 0xb6f00000-0xb6ffffff]
pci 0000:00:1c.1: PCI bridge to [bus 08]
pci 0000:00:1c.1:   bridge window [io  0x8000-0x8fff]
pci 0000:00:1c.1:   bridge window [mem 0xb6e00000-0xb6efffff]
pci 0000:00:1c.2: PCI bridge to [bus 09]
pci 0000:00:1c.2:   bridge window [mem 0xb6d00000-0xb6dfffff]
pci 0000:00:1c.3: PCI bridge to [bus 0a]
pci 0000:00:1c.3:   bridge window [mem 0xb6c00000-0xb6cfffff]
pci 0000:00:1c.4: PCI bridge to [bus 0b]
pci 0000:00:1c.4:   bridge window [io  0x7000-0x7fff]
pci 0000:00:1c.4:   bridge window [mem 0xb6b00000-0xb6bfffff]
pci 0000:00:1c.6: PCI bridge to [bus 0c]
pci 0000:00:1c.6:   bridge window [io  0x6000-0x6fff]
pci 0000:00:1c.6:   bridge window [mem 0xb6a00000-0xb6afffff]
pci 0000:0d:00.0: PCI bridge to [bus 0e]
pci 0000:0d:00.0:   bridge window [io  0x5000-0x5fff]
pci 0000:0d:00.0:   bridge window [mem 0xb3000000-0xb40fffff]
pci 0000:00:1c.7: PCI bridge to [bus 0d-0e]
pci 0000:00:1c.7:   bridge window [io  0x5000-0x5fff]
pci 0000:00:1c.7:   bridge window [mem 0xb3000000-0xb40fffff]
pci 0000:00:1e.0: PCI bridge to [bus 0f]
pci_bus 0000:00: resource 4 [io  0x0000-0x03af window]
pci_bus 0000:00: resource 5 [io  0x03e0-0x0cf7 window]
pci_bus 0000:00: resource 6 [io  0x03b0-0x03df window]
pci_bus 0000:00: resource 7 [io  0x0d00-0xbfff window]
pci_bus 0000:00: resource 8 [mem 0x000a0000-0x000dffff window]
pci_bus 0000:00: resource 9 [mem 0x40000000-0xb7ffffff window]
pci_bus 0000:04: resource 1 [mem 0xb5000000-0xb60fffff]
pci_bus 0000:04: resource 2 [mem 0xa0000000-0xb1ffffff 64bit pref]
pci_bus 0000:06: resource 0 [io  0xa000-0xafff]
pci_bus 0000:06: resource 1 [mem 0xb6400000-0xb68fffff]
pci_bus 0000:06: resource 2 [mem 0xb2100000-0xb21fffff 64bit pref]
pci_bus 0000:07: resource 0 [io  0x9000-0x9fff]
pci_bus 0000:07: resource 1 [mem 0xb6f00000-0xb6ffffff]
pci_bus 0000:08: resource 0 [io  0x8000-0x8fff]
pci_bus 0000:08: resource 1 [mem 0xb6e00000-0xb6efffff]
pci_bus 0000:09: resource 1 [mem 0xb6d00000-0xb6dfffff]
pci_bus 0000:0a: resource 1 [mem 0xb6c00000-0xb6cfffff]
pci_bus 0000:0b: resource 0 [io  0x7000-0x7fff]
pci_bus 0000:0b: resource 1 [mem 0xb6b00000-0xb6bfffff]
pci_bus 0000:0c: resource 0 [io  0x6000-0x6fff]
pci_bus 0000:0c: resource 1 [mem 0xb6a00000-0xb6afffff]
pci_bus 0000:0d: resource 0 [io  0x5000-0x5fff]
pci_bus 0000:0d: resource 1 [mem 0xb3000000-0xb40fffff]
pci_bus 0000:0e: resource 0 [io  0x5000-0x5fff]
pci_bus 0000:0e: resource 1 [mem 0xb3000000-0xb40fffff]
pci_bus 0000:0f: resource 4 [io  0x0000-0x03af window]
pci_bus 0000:0f: resource 5 [io  0x03e0-0x0cf7 window]
pci_bus 0000:0f: resource 6 [io  0x03b0-0x03df window]
pci_bus 0000:0f: resource 7 [io  0x0d00-0xbfff window]
pci_bus 0000:0f: resource 8 [mem 0x000a0000-0x000dffff window]
pci_bus 0000:0f: resource 9 [mem 0x40000000-0xb7ffffff window]
pci 0000:80:00.0: PCI bridge to [bus 81]
pci 0000:80:01.0: PCI bridge to [bus 82]
pci 0000:80:02.0: PCI bridge to [bus 83]
pci 0000:80:02.0:   bridge window [mem 0xfa000000-0xfaffffff]
pci 0000:80:02.0:   bridge window [mem 0xe0000000-0xf1ffffff 64bit pref]
pci 0000:80:03.0: PCI bridge to [bus 84]
pci_bus 0000:80: resource 4 [io  0xc000-0xffff window]
pci_bus 0000:80: resource 5 [mem 0xb8000000-0xfbffffff window]
pci_bus 0000:83: resource 1 [mem 0xfa000000-0xfaffffff]
pci_bus 0000:83: resource 2 [mem 0xe0000000-0xf1ffffff 64bit pref]
pci 0000:00:05.0: disabled boot interrupts on device [8086:0e28]
pci 0000:00:1a.0: quirk_usb_early_handoff+0x0/0x140 took 16029 usecs
pci 0000:00:1d.0: quirk_usb_early_handoff+0x0/0x140 took 15467 usecs
pci 0000:80:05.0: disabled boot interrupts on device [8086:0e28]
PCI: CLS 64 bytes, default 64
PCI-DMA: Using software bounce buffering for IO (SWIOTLB)
Trying to unpack rootfs image as initramfs...
software IO TLB: mapped [mem 0x0000000038874000-0x000000003c874000] (64MB)
ACPI: bus type thunderbolt registered
Initialise system trusted keyrings
Key type blacklist registered
workingset: timestamp_bits=36 max_order=23 bucket_order=0
zbud: loaded
integrity: Platform Keyring initialized
integrity: Machine keyring initialized
NET: Registered PF_ALG protocol family
xor: automatically using best checksumming function   avx       
Key type asymmetric registered
Asymmetric key parser 'x509' registered
Running certificate verification selftests
Loaded X.509 cert 'Certificate verification self-testing key: f58703bb33ce1b73ee02eccdee5b8817518fe3db'
Block layer SCSI generic (bsg) driver version 0.4 loaded (major 246)
io scheduler mq-deadline registered
io scheduler kyber registered
io scheduler bfq registered
atomic64_test: passed for x86-64 platform with CX8 and with SSE
pcieport 0000:00:01.0: PME: Signaling with IRQ 26
pcieport 0000:00:01.1: PME: Signaling with IRQ 27
pcieport 0000:00:02.0: PME: Signaling with IRQ 29
pcieport 0000:00:02.2: PME: Signaling with IRQ 30
pcieport 0000:00:03.0: PME: Signaling with IRQ 32
pcieport 0000:00:11.0: PME: Signaling with IRQ 33
pcieport 0000:00:1c.0: PME: Signaling with IRQ 34
pcieport 0000:00:1c.1: PME: Signaling with IRQ 35
pcieport 0000:00:1c.2: PME: Signaling with IRQ 36
pcieport 0000:00:1c.3: PME: Signaling with IRQ 37
pcieport 0000:00:1c.4: PME: Signaling with IRQ 38
pcieport 0000:00:1c.6: PME: Signaling with IRQ 39
pcieport 0000:00:1c.7: PME: Signaling with IRQ 40
pcieport 0000:80:00.0: PME: Signaling with IRQ 42
pcieport 0000:80:01.0: PME: Signaling with IRQ 44
pcieport 0000:80:02.0: PME: Signaling with IRQ 46
pcieport 0000:80:03.0: PME: Signaling with IRQ 48
shpchp: Standard Hot Plug PCI Controller Driver version: 0.4
Monitor-Mwait will be used to enter C-1 state
Monitor-Mwait will be used to enter C-2 state
ACPI: \_SB_.SCK0.C000: Found 2 idle states
input: Power Button as /devices/LNXSYSTM:00/LNXSYBUS:00/PNP0C0C:00/input/input0
ACPI: button: Power Button [PWRB]
input: Power Button as /devices/LNXSYSTM:00/LNXPWRBN:00/input/input1
ACPI: button: Power Button [PWRF]
ERST: Error Record Serialization Table (ERST) support is initialized.
pstore: Registered erst as persistent store backend
00:05: ttyS0 at I/O 0x3f8 (irq = 4, base_baud = 115200) is a 16550A
00:06: ttyS1 at I/O 0x2f8 (irq = 3, base_baud = 115200) is a 16550A
Non-volatile memory driver v1.3
rdac: device handler registered
hp_sw: device handler registered
emc: device handler registered
alua: device handler registered
ehci-pci 0000:00:1a.0: EHCI Host Controller
ehci-pci 0000:00:1a.0: new USB bus registered, assigned bus number 1
ehci-pci 0000:00:1a.0: debug port 2
ehci-pci 0000:00:1a.0: irq 17, io mem 0xb4107000
ehci-pci 0000:00:1a.0: USB 2.0 started, EHCI 1.00
usb usb1: New USB device found, idVendor=1d6b, idProduct=0002, bcdDevice= 5.14
usb usb1: New USB device strings: Mfr=3, Product=2, SerialNumber=1
usb usb1: Product: EHCI Host Controller
usb usb1: Manufacturer: Linux 5.14.0-559.el9.x86_64 ehci_hcd
usb usb1: SerialNumber: 0000:00:1a.0
hub 1-0:1.0: USB hub found
hub 1-0:1.0: 2 ports detected
ehci-pci 0000:00:1d.0: EHCI Host Controller
ehci-pci 0000:00:1d.0: new USB bus registered, assigned bus number 2
ehci-pci 0000:00:1d.0: debug port 2
ehci-pci 0000:00:1d.0: irq 23, io mem 0xb4106000
ehci-pci 0000:00:1d.0: USB 2.0 started, EHCI 1.00
usb usb2: New USB device found, idVendor=1d6b, idProduct=0002, bcdDevice= 5.14
usb usb2: New USB device strings: Mfr=3, Product=2, SerialNumber=1
usb usb2: Product: EHCI Host Controller
usb usb2: Manufacturer: Linux 5.14.0-559.el9.x86_64 ehci_hcd
usb usb2: SerialNumber: 0000:00:1d.0
hub 2-0:1.0: USB hub found
hub 2-0:1.0: 2 ports detected
xhci_hcd 0000:09:00.0: xHCI Host Controller
xhci_hcd 0000:09:00.0: new USB bus registered, assigned bus number 3
xhci_hcd 0000:09:00.0: hcc params 0x0200f180 hci version 0x96 quirks 0x0000000000080010
xhci_hcd 0000:09:00.0: xHCI Host Controller
xhci_hcd 0000:09:00.0: new USB bus registered, assigned bus number 4
xhci_hcd 0000:09:00.0: Host supports USB 3.0 SuperSpeed
usb usb3: New USB device found, idVendor=1d6b, idProduct=0002, bcdDevice= 5.14
usb usb3: New USB device strings: Mfr=3, Product=2, SerialNumber=1
usb usb3: Product: xHCI Host Controller
usb usb3: Manufacturer: Linux 5.14.0-559.el9.x86_64 xhci-hcd
usb usb3: SerialNumber: 0000:09:00.0
hub 3-0:1.0: USB hub found
hub 3-0:1.0: 2 ports detected
usb usb4: We don't know the algorithms for LPM for this host, disabling LPM.
usb usb4: New USB device found, idVendor=1d6b, idProduct=0003, bcdDevice= 5.14
usb usb4: New USB device strings: Mfr=3, Product=2, SerialNumber=1
usb usb4: Product: xHCI Host Controller
usb usb4: Manufacturer: Linux 5.14.0-559.el9.x86_64 xhci-hcd
usb usb4: SerialNumber: 0000:09:00.0
hub 4-0:1.0: USB hub found
hub 4-0:1.0: 2 ports detected
xhci_hcd 0000:0a:00.0: xHCI Host Controller
xhci_hcd 0000:0a:00.0: new USB bus registered, assigned bus number 5
xhci_hcd 0000:0a:00.0: hcc params 0x0200f180 hci version 0x96 quirks 0x0000000000080010
xhci_hcd 0000:0a:00.0: xHCI Host Controller
xhci_hcd 0000:0a:00.0: new USB bus registered, assigned bus number 6
xhci_hcd 0000:0a:00.0: Host supports USB 3.0 SuperSpeed
usb usb5: New USB device found, idVendor=1d6b, idProduct=0002, bcdDevice= 5.14
usb usb5: New USB device strings: Mfr=3, Product=2, SerialNumber=1
usb usb5: Product: xHCI Host Controller
usb usb5: Manufacturer: Linux 5.14.0-559.el9.x86_64 xhci-hcd
usb usb5: SerialNumber: 0000:0a:00.0
hub 5-0:1.0: USB hub found
hub 5-0:1.0: 2 ports detected
usb usb6: We don't know the algorithms for LPM for this host, disabling LPM.
usb usb6: New USB device found, idVendor=1d6b, idProduct=0003, bcdDevice= 5.14
usb usb6: New USB device strings: Mfr=3, Product=2, SerialNumber=1
usb usb6: Product: xHCI Host Controller
usb usb6: Manufacturer: Linux 5.14.0-559.el9.x86_64 xhci-hcd
usb usb6: SerialNumber: 0000:0a:00.0
hub 6-0:1.0: USB hub found
hub 6-0:1.0: 2 ports detected
usbcore: registered new interface driver usbserial_generic
i8042: PNP: No PS/2 controller found.
mousedev: PS/2 mouse device common for all mice
rtc_cmos 00:03: RTC can wake from S4
rtc_cmos 00:03: registered as rtc0
rtc_cmos 00:03: setting system clock to 2025-02-06T11:30:22 UTC (1738841422)
rtc_cmos 00:03: alarms up to one month, y3k, 114 bytes nvram, hpet irqs
intel_pstate: Intel P-state driver initializing
hid: raw HID events driver (C) Jiri Kosina
usbcore: registered new interface driver usbhid
usbhid: USB HID core driver
drop_monitor: Initializing network drop monitor service
Initializing XFRM netlink socket
NET: Registered PF_INET6 protocol family
usb 1-1: new high-speed USB device number 2 using ehci-pci
usb 2-1: new high-speed USB device number 2 using ehci-pci
usb 1-1: New USB device found, idVendor=8087, idProduct=0024, bcdDevice= 0.00
usb 1-1: New USB device strings: Mfr=0, Product=0, SerialNumber=0
usb 2-1: New USB device found, idVendor=8087, idProduct=0024, bcdDevice= 0.00
usb 2-1: New USB device strings: Mfr=0, Product=0, SerialNumber=0
hub 2-1:1.0: USB hub found
hub 1-1:1.0: USB hub found
hub 2-1:1.0: 8 ports detected
hub 1-1:1.0: 6 ports detected
Freeing initrd memory: 67148K
Segment Routing with IPv6
NET: Registered PF_PACKET protocol family
mpls_gso: MPLS GSO support
microcode: Current revision: 0x0000042e
microcode: Updated early from: 0x00000416
IPI shorthand broadcast: enabled
AVX version of gcm_enc/dec engaged.
AES CTR mode by8 optimization enabled
sched_clock: Marking stable (1117002788, 34336542)->(1350817053, -199477723)
registered taskstats version 1
Loading compiled-in X.509 certificates
Loaded X.509 cert 'The CentOS Project: CentOS Stream kernel signing key: 447fc32b08b35c1c2ca30035359e340bfe4387ab'
Loaded X.509 cert 'Red Hat Enterprise Linux Driver Update Program (key 3): bf57f3e87362bc7229d9f465321773dfd1f77a80'
Loaded X.509 cert 'Red Hat Enterprise Linux kpatch signing key: 4d38fd864ebe18c5f0b72e3852e2014c3a676fc8'
Loaded X.509 cert 'RH-IMA-CA: Red Hat IMA CA: fb31825dd0e073685b264e3038963673f753959a'
Loaded X.509 cert 'Nvidia GPU OOT signing 001: 55e1cef88193e60419f0b0ec379c49f77545acf0'
Demotion targets for Node 0: null
Demotion targets for Node 1: null
page_owner is disabled
Key type .fscrypt registered
Key type fscrypt-provisioning registered
pstore: Using crash dump compression: deflate
Key type big_key registered
Key type encrypted registered
ima: No TPM chip found, activating TPM-bypass!
Loading compiled-in module X.509 certificates
Loaded X.509 cert 'The CentOS Project: CentOS Stream kernel signing key: 447fc32b08b35c1c2ca30035359e340bfe4387ab'
ima: Allocated hash algorithm: sha256
ima: No architecture policies found
evm: Initialising EVM extended attributes:
evm: security.selinux
evm: security.SMACK64 (disabled)
evm: security.SMACK64EXEC (disabled)
evm: security.SMACK64TRANSMUTE (disabled)
evm: security.SMACK64MMAP (disabled)
evm: security.apparmor (disabled)
evm: security.ima
evm: security.capability
evm: HMAC attrs: 0x1
clk: Disabling unused clocks
Freeing unused decrypted memory: 2028K
Freeing unused kernel image (initmem) memory: 4040K
Write protecting the kernel read-only data: 30720k
Freeing unused kernel image (rodata/data gap) memory: 840K
x86/mm: Checked W+X mappings: passed, no W+X pages found.
x86/mm: Checking user space page tables
x86/mm: Checked W+X mappings: passed, no W+X pages found.
Run /init as init process
  with arguments:
    /init
  with environment:
    HOME=/
    TERM=linux
    BOOT_IMAGE=(hd0,msdos2)/boot/vmlinuz-5.14.0-559.el9.x86_64
systemd[1]: systemd 252-51.el9 running in system mode (+PAM +AUDIT +SELINUX -APPARMOR +IMA +SMACK +SECCOMP +GCRYPT +GNUTLS +OPENSSL +ACL +BLKID +CURL +ELFUTILS +FIDO2 +IDN2 -IDN -IPTC +KMOD +LIBCRYPTSETUP +LIBFDISK +PCRE2 -PWQUALITY +P11KIT -QRENCODE +TPM2 +BZIP2 +LZ4 +XZ +ZLIB +ZSTD -BPF_FRAMEWORK +XKBCOMMON +UTMP +SYSVINIT default-hierarchy=unified)
systemd[1]: Detected architecture x86-64.
systemd[1]: Running in initrd.
systemd[1]: Hostname set to .
tsc: Refined TSC clocksource calibration: 2107.751 MHz
clocksource: tsc: mask: 0xffffffffffffffff max_cycles: 0x1e61cac8819, max_idle_ns: 440795292937 ns
clocksource: Switched to clocksource tsc
systemd[1]: Queued start job for default target Initrd Default Target.
systemd[1]: Reached target Initrd /usr File System.
systemd[1]: Reached target Local File Systems.
systemd[1]: Reached target Slice Units.
systemd[1]: Reached target Swaps.
systemd[1]: Reached target Timer Units.
systemd[1]: Listening on Journal Socket (/dev/log).
systemd[1]: Listening on Journal Socket.
systemd[1]: Listening on udev Control Socket.
systemd[1]: Listening on udev Kernel Socket.
systemd[1]: Reached target Socket Units.
systemd[1]: Starting Create List of Static Device Nodes...
systemd[1]: Memstrack Anylazing Service was skipped because no trigger condition checks were met.
systemd[1]: Starting Journal Service...
systemd[1]: Starting Load Kernel Modules...
systemd[1]: Starting Setup Virtual Console...
systemd[1]: Finished Create List of Static Device Nodes.
systemd[1]: Starting Create Static Device Nodes in /dev...
systemd[1]: Finished Create Static Device Nodes in /dev.
fuse: init (API version 7.37)
systemd[1]: Finished Load Kernel Modules.
systemd[1]: Starting Apply Kernel Variables...
systemd[1]: Finished Apply Kernel Variables.
systemd[1]: Started Journal Service.
e1000e: Intel(R) PRO/1000 Network Driver
e1000e: Copyright(c) 1999 - 2015 Intel Corporation.
e1000e 0000:07:00.0: Interrupt Throttling Rate (ints/sec) set to dynamic conservative mode
libata version 3.00 loaded.
e1000e 0000:07:00.0 0000:07:00.0 (uninitialized): registered PHC clock
ACPI: bus type drm_connector registered
ahci 0000:00:1f.2: version 3.0
ahci 0000:00:1f.2: AHCI vers 0001.0300, 32 command slots, 6 Gbps, SATA mode
ahci 0000:00:1f.2: 6/6 ports implemented (port mask 0x3f)
ahci 0000:00:1f.2: flags: 64bit ncq sntf pm led clo pio slum part ems apst 
scsi host0: ahci
scsi host1: ahci
scsi host2: ahci
scsi host3: ahci
scsi host4: ahci
scsi host5: ahci
ata1: SATA max UDMA/133 abar m2048@0xb4105000 port 0xb4105100 irq 68 lpm-pol 0
ata2: SATA max UDMA/133 abar m2048@0xb4105000 port 0xb4105180 irq 68 lpm-pol 0
ata3: SATA max UDMA/133 abar m2048@0xb4105000 port 0xb4105200 irq 68 lpm-pol 0
ata4: SATA max UDMA/133 abar m2048@0xb4105000 port 0xb4105280 irq 68 lpm-pol 0
ata5: SATA max UDMA/133 abar m2048@0xb4105000 port 0xb4105300 irq 68 lpm-pol 0
ata6: SATA max UDMA/133 abar m2048@0xb4105000 port 0xb4105380 irq 68 lpm-pol 0
e1000e 0000:07:00.0 eth0: (PCI Express:2.5GT/s:Width x1) 10:c3:7b:45:7a:e4
e1000e 0000:07:00.0 eth0: Intel(R) PRO/1000 Network Connection
e1000e 0000:07:00.0 eth0: MAC: 3, PHY: 8, PBA No: FFFFFF-0FF
ahci 0000:0b:00.0: controller can do FBS, turning on CAP_FBS
e1000e 0000:08:00.0: Interrupt Throttling Rate (ints/sec) set to dynamic conservative mode
ahci 0000:0b:00.0: AHCI vers 0001.0200, 32 command slots, 6 Gbps, SATA mode
ahci 0000:0b:00.0: 8/8 ports implemented (port mask 0xff)
ahci 0000:0b:00.0: flags: 64bit ncq fbs pio 
scsi host6: ahci
scsi host7: ahci
scsi host8: ahci
scsi host9: ahci
scsi host10: ahci
scsi host11: ahci
scsi host12: ahci
scsi host13: ahci
ata7: SATA max UDMA/133 abar m2048@0xb6b10000 port 0xb6b10100 irq 69 lpm-pol 0
ata8: SATA max UDMA/133 abar m2048@0xb6b10000 port 0xb6b10180 irq 69 lpm-pol 0
ata9: SATA max UDMA/133 abar m2048@0xb6b10000 port 0xb6b10200 irq 69 lpm-pol 0
ata10: SATA max UDMA/133 abar m2048@0xb6b10000 port 0xb6b10280 irq 69 lpm-pol 0
ata11: SATA max UDMA/133 abar m2048@0xb6b10000 port 0xb6b10300 irq 69 lpm-pol 0
ata12: SATA max UDMA/133 abar m2048@0xb6b10000 port 0xb6b10380 irq 69 lpm-pol 0
ata13: SATA max UDMA/133 abar m2048@0xb6b10000 port 0xb6b10400 irq 69 lpm-pol 0
ata14: SATA max UDMA/133 abar m2048@0xb6b10000 port 0xb6b10480 irq 69 lpm-pol 0
e1000e 0000:08:00.0 0000:08:00.0 (uninitialized): registered PHC clock
e1000e 0000:08:00.0 eth1: (PCI Express:2.5GT/s:Width x1) 10:c3:7b:45:7a:e5
e1000e 0000:08:00.0 eth1: Intel(R) PRO/1000 Network Connection
e1000e 0000:08:00.0 eth1: MAC: 3, PHY: 8, PBA No: FFFFFF-0FF
ata2: SATA link down (SStatus 0 SControl 300)
ata6: SATA link up 1.5 Gbps (SStatus 113 SControl 300)
ata5: SATA link down (SStatus 0 SControl 300)
ata4: SATA link down (SStatus 0 SControl 300)
ata3: SATA link up 3.0 Gbps (SStatus 123 SControl 300)
ata1: SATA link up 6.0 Gbps (SStatus 133 SControl 300)
ata6.00: ATAPI: DRW-24D3ST, 2.00, max UDMA/133
ata1.00: supports DRM functions and may not be fully accessible
ata1.00: ATA-9: Samsung SSD 850 PRO 256GB, EXM02B6Q, max UDMA/133
ata6.00: configured for UDMA/133
ata3.00: ATA-8: WDC WD20EARX-00PASB0, 51.0AB51, max UDMA/133
ata3.00: 3907029168 sectors, multi 16: LBA48 NCQ (depth 32), AA
ata1.00: 500118192 sectors, multi 1: LBA48 NCQ (depth 32), AA
ata3.00: configured for UDMA/133
ata13: SATA link down (SStatus 0 SControl 300)
ata8: SATA link down (SStatus 0 SControl 300)
ata10: SATA link down (SStatus 0 SControl 300)
ata9: SATA link down (SStatus 0 SControl 300)
ata14: SATA link up 1.5 Gbps (SStatus 113 SControl 300)
ata12: SATA link down (SStatus 0 SControl 300)
ata11: SATA link down (SStatus 0 SControl 300)
ata7: SATA link down (SStatus 0 SControl 300)
ata14.00: ATAPI: MARVELL VIRTUALL, 1.09, max UDMA/66
ata14.00: configured for UDMA/66
ata1.00: Features: Trust Dev-Sleep NCQ-sndrcv
ata1.00: supports DRM functions and may not be fully accessible
ata1.00: configured for UDMA/133
scsi 0:0:0:0: Direct-Access     ATA      Samsung SSD 850  2B6Q PQ: 0 ANSI: 5
scsi 2:0:0:0: Direct-Access     ATA      WDC WD20EARX-00P AB51 PQ: 0 ANSI: 5
scsi 5:0:0:0: CD-ROM            ASUS     DRW-24D3ST       2.00 PQ: 0 ANSI: 5
scsi 13:0:0:0: Processor         Marvell  Console          1.01 PQ: 0 ANSI: 5
e1000e 0000:08:00.0 enp8s0: renamed from eth1
ast 0000:0e:00.0: vgaarb: deactivate vga console
e1000e 0000:07:00.0 enp7s0: renamed from eth0
scsi 0:0:0:0: Attached scsi generic sg0 type 0
scsi 2:0:0:0: Attached scsi generic sg1 type 0
scsi 5:0:0:0: Attached scsi generic sg2 type 5
scsi 13:0:0:0: Attached scsi generic sg3 type 3
Console: switching to colour dummy device 80x25
ast 0000:0e:00.0: Using P2A bridge for configuration
ast 0000:0e:00.0: AST 2300 detected
ast 0000:0e:00.0: [drm] Using analog VGA
ast 0000:0e:00.0: [drm] dram MCLK=396 Mhz type=1 bus_width=16
[drm] Initialized ast 0.1.0 for 0000:0e:00.0 on minor 0
sd 0:0:0:0: [sdb] 500118192 512-byte logical blocks: (256 GB/238 GiB)
sd 0:0:0:0: [sdb] Write Protect is off
sd 0:0:0:0: [sdb] Mode Sense: 00 3a 00 00
sd 0:0:0:0: [sdb] Write cache: enabled, read cache: enabled, doesn't support DPO or FUA
sd 2:0:0:0: [sda] 3907029168 512-byte logical blocks: (2.00 TB/1.82 TiB)
sd 2:0:0:0: [sda] 4096-byte physical blocks
sd 0:0:0:0: [sdb] Preferred minimum I/O size 512 bytes
sd 2:0:0:0: [sda] Write Protect is off
sd 2:0:0:0: [sda] Mode Sense: 00 3a 00 00
sd 2:0:0:0: [sda] Write cache: enabled, read cache: enabled, doesn't support DPO or FUA
sd 2:0:0:0: [sda] Preferred minimum I/O size 4096 bytes
fbcon: astdrmfb (fb0) is primary device
 sdb: sdb1 sdb2 sdb3
sd 0:0:0:0: [sdb] supports TCG Opal
sd 0:0:0:0: [sdb] Attached SCSI disk
Console: switching to colour frame buffer device 128x48
ast 0000:0e:00.0: [drm] fb0: astdrmfb frame buffer device
 sda: sda1 sda2
sd 2:0:0:0: [sda] Attached SCSI disk
sr 5:0:0:0: [sr0] scsi3-mmc drive: 48x/12x writer dvd-ram cd/rw xa/form2 cdda tray
cdrom: Uniform CD-ROM driver Revision: 3.20
sr 5:0:0:0: Attached scsi CD-ROM sr0
SGI XFS with ACLs, security attributes, scrub, quota, no debug enabled
XFS (sdb2): Mounting V5 Filesystem 27bbff10-61ae-4380-bc26-8ac361255517
XFS (sdb2): Ending clean mount
systemd-journald[412]: Received SIGTERM from PID 1 (systemd).
SELinux: 
SELinux: Runtime disable is not supported, use selinux=0 on the kernel cmdline.
systemd[1]: systemd 252-51.el9 running in system mode (+PAM +AUDIT +SELINUX -APPARMOR +IMA +SMACK +SECCOMP +GCRYPT +GNUTLS +OPENSSL +ACL +BLKID +CURL +ELFUTILS +FIDO2 +IDN2 -IDN -IPTC +KMOD +LIBCRYPTSETUP +LIBFDISK +PCRE2 -PWQUALITY +P11KIT -QRENCODE +TPM2 +BZIP2 +LZ4 +XZ +ZLIB +ZSTD -BPF_FRAMEWORK +XKBCOMMON +UTMP +SYSVINIT default-hierarchy=unified)
systemd[1]: Detected architecture x86-64.
systemd-rc-local-generator[780]: /etc/rc.d/rc.local is not marked executable, skipping.
systemd-sysv-generator[783]: SysV service '/etc/rc.d/init.d/sep5' lacks a native systemd unit file. Automatically generating a unit file for compatibility. Please update package to include a native systemd unit file, in order to make it more safe and robust.
systemd[1]: initrd-switch-root.service: Deactivated successfully.
systemd[1]: Stopped Switch Root.
systemd[1]: systemd-journald.service: Scheduled restart job, restart counter is at 1.
systemd[1]: Created slice Slice /system/akmods-keygen.
systemd[1]: Created slice Slice /system/getty.
systemd[1]: Created slice Slice /system/modprobe.
systemd[1]: Created slice Slice /system/sshd-keygen.
systemd[1]: Created slice User and Session Slice.
systemd[1]: Dispatch Password Requests to Console Directory Watch was skipped because of an unmet condition check (ConditionPathExists=!/run/plymouth/pid).
systemd[1]: Started Forward Password Requests to Wall Directory Watch.
systemd[1]: Set up automount Arbitrary Executable File Formats File System Automount Point.
systemd[1]: Target for bootc status changes on boot was skipped because of an unmet condition check (ConditionPathExists=/run/ostree-booted).
systemd[1]: Reached target Local Encrypted Volumes.
systemd[1]: Stopped target Switch Root.
systemd[1]: Stopped target Initrd File Systems.
systemd[1]: Stopped target Initrd Root File System.
systemd[1]: Reached target Local Integrity Protected Volumes.
systemd[1]: Reached target Host and Network Name Lookups.
systemd[1]: Reached target Slice Units.
systemd[1]: Reached target Local Verity Protected Volumes.
systemd[1]: Listening on Device-mapper event daemon FIFOs.
systemd[1]: Listening on LVM2 poll daemon socket.
systemd[1]: Listening on RPCbind Server Activation Socket.
systemd[1]: Reached target RPC Port Mapper.
systemd[1]: Listening on Process Core Dump Socket.
systemd[1]: Listening on initctl Compatibility Named Pipe.
systemd[1]: Listening on udev Control Socket.
systemd[1]: Listening on udev Kernel Socket.
systemd[1]: Mounting Huge Pages File System...
systemd[1]: Mounting POSIX Message Queue File System...
systemd[1]: Mounting NFSD configuration filesystem...
systemd[1]: Mounting Kernel Debug File System...
systemd[1]: Mounting Kernel Trace File System...
systemd[1]: Kernel Module supporting RPCSEC_GSS was skipped because of an unmet condition check (ConditionPathExists=/etc/krb5.keytab).
systemd[1]: Starting Create List of Static Device Nodes...
systemd[1]: Starting Monitoring of LVM2 mirrors, snapshots etc. using dmeventd or progress polling...
systemd[1]: Starting Load Kernel Module configfs...
systemd[1]: Starting Load Kernel Module drm...
systemd[1]: Starting Load Kernel Module fuse...
systemd[1]: plymouth-switch-root.service: Deactivated successfully.
systemd[1]: Stopped Plymouth switch root service.
systemd[1]: systemd-fsck-root.service: Deactivated successfully.
systemd[1]: Stopped File System Check on Root Device.
systemd[1]: Stopped Journal Service.
systemd[1]: Starting Journal Service...
systemd[1]: Starting Load Kernel Modules...
systemd[1]: TPM2 PCR Machine ID Measurement was skipped because of an unmet condition check (ConditionPathExists=/sys/firmware/efi/efivars/StubPcrKernelImage-4a67b082-0a4c-41cf-b6c7-440b29bb8c4f).
systemd[1]: Starting Remount Root and Kernel File Systems...
systemd[1]: Repartition Root Disk was skipped because no trigger condition checks were met.
systemd[1]: Starting Coldplug All udev Devices...
systemd[1]: Mounted Huge Pages File System.
systemd[1]: Mounted POSIX Message Queue File System.
systemd[1]: Mounted Kernel Debug File System.
systemd[1]: Mounted Kernel Trace File System.
xfs filesystem being remounted at / supports timestamps until 2038 (0x7fffffff)
systemd[1]: Finished Create List of Static Device Nodes.
systemd[1]: modprobe@configfs.service: Deactivated successfully.
systemd[1]: Finished Load Kernel Module configfs.
systemd[1]: modprobe@drm.service: Deactivated successfully.
systemd[1]: Finished Load Kernel Module drm.
systemd[1]: modprobe@fuse.service: Deactivated successfully.
systemd[1]: Finished Load Kernel Module fuse.
systemd[1]: Finished Load Kernel Modules.
systemd[1]: Finished Remount Root and Kernel File Systems.
systemd[1]: Started Journal Service.
device-mapper: core: CONFIG_IMA_DISABLE_HTABLE is disabled. Duplicate IMA measurements will not be recorded in the IMA log.
device-mapper: uevent: version 1.0.3
device-mapper: ioctl: 4.48.0-ioctl (2023-03-01) initialised: dm-devel@lists.linux.dev
systemd-journald[813]: Received client request to flush runtime journal.
RPC: Registered named UNIX socket transport module.
RPC: Registered udp transport module.
RPC: Registered tcp transport module.
RPC: Registered tcp-with-tls transport module.
RPC: Registered tcp NFSv4.1 backchannel transport module.
IPMI message handler: version 39.2
i801_smbus 0000:00:1f.3: SMBus using PCI interrupt
i2c i2c-1: 4/8 memory slots populated (from DMI)
i2c i2c-1: Successfully instantiated SPD at 0x56
input: PC Speaker as /devices/platform/pcspkr/input/input2
mei_me 0000:00:16.0: Device doesn't have valid ME Interface
ipmi device interface
ipmi_si: IPMI System Interface driver
ipmi_si dmi-ipmi-si.0: ipmi_platform: probing via SMBIOS
ipmi_platform: ipmi_si: SMBIOS: io 0xca2 regsize 1 spacing 1 irq 0
ipmi_si: Adding SMBIOS-specified kcs state machine
ipmi_si: Trying SMBIOS-specified kcs state machine at i/o address 0xca2, slave address 0x20, irq 0
ipmi_si dmi-ipmi-si.0: Interface detection failed
RAPL PMU: API unit is 2^-32 Joules, 3 fixed counters, 163840 ms ovfl timer
RAPL PMU: hw unit of domain pp0-core 2^-16 Joules
RAPL PMU: hw unit of domain package 2^-16 Joules
RAPL PMU: hw unit of domain dram 2^-16 Joules
iTCO_vendor_support: vendor-support=0
iTCO_wdt iTCO_wdt.1.auto: Found a Patsburg TCO device (Version=2, TCOBASE=0x0460)
iTCO_wdt iTCO_wdt.1.auto: initialized. heartbeat=30 sec (nowayout=0)
Adding 67108860k swap on /dev/sda1.  Priority:-2 extents:1 across:67108860k 
Adding 67108860k swap on /dev/sdb3.  Priority:-3 extents:1 across:67108860k SS
snd_hda_codec_realtek hdaudioC0D0: autoconfig for ALC898: line_outs=4 (0x14/0x15/0x16/0x17/0x0) type:line
snd_hda_codec_realtek hdaudioC0D0:    speaker_outs=0 (0x0/0x0/0x0/0x0/0x0)
snd_hda_codec_realtek hdaudioC0D0:    hp_outs=1 (0x1b/0x0/0x0/0x0/0x0)
snd_hda_codec_realtek hdaudioC0D0:    mono: mono_out=0x0
snd_hda_codec_realtek hdaudioC0D0:    dig-out=0x11/0x1e
snd_hda_codec_realtek hdaudioC0D0:    inputs:
snd_hda_codec_realtek hdaudioC0D0:      Front Mic=0x19
snd_hda_codec_realtek hdaudioC0D0:      Rear Mic=0x18
snd_hda_codec_realtek hdaudioC0D0:      Line=0x1a
input: HDA Intel PCH Front Mic as /devices/pci0000:00/0000:00:1b.0/sound/card0/input3
input: HDA Intel PCH Rear Mic as /devices/pci0000:00/0000:00:1b.0/sound/card0/input4
input: HDA Intel PCH Line as /devices/pci0000:00/0000:00:1b.0/sound/card0/input5
input: HDA Intel PCH Line Out Front as /devices/pci0000:00/0000:00:1b.0/sound/card0/input6
EDAC sbridge: Seeking for: PCI ID 8086:0ea0
EDAC sbridge: Seeking for: PCI ID 8086:0ea0
EDAC sbridge: Seeking for: PCI ID 8086:0ea0
EDAC sbridge: Seeking for: PCI ID 8086:0e60
EDAC sbridge: Seeking for: PCI ID 8086:0ea8
EDAC sbridge: Seeking for: PCI ID 8086:0ea8
EDAC sbridge: Seeking for: PCI ID 8086:0ea8
EDAC sbridge: Seeking for: PCI ID 8086:0e71
EDAC sbridge: Seeking for: PCI ID 8086:0e71
EDAC sbridge: Seeking for: PCI ID 8086:0e71
EDAC sbridge: Seeking for: PCI ID 8086:0eaa
EDAC sbridge: Seeking for: PCI ID 8086:0eaa
EDAC sbridge: Seeking for: PCI ID 8086:0eaa
EDAC sbridge: Seeking for: PCI ID 8086:0eab
EDAC sbridge: Seeking for: PCI ID 8086:0eab
EDAC sbridge: Seeking for: PCI ID 8086:0eab
EDAC sbridge: Seeking for: PCI ID 8086:0eac
EDAC sbridge: Seeking for: PCI ID 8086:0eac
EDAC sbridge: Seeking for: PCI ID 8086:0eac
EDAC sbridge: Seeking for: PCI ID 8086:0ead
EDAC sbridge: Seeking for: PCI ID 8086:0ead
EDAC sbridge: Seeking for: PCI ID 8086:0ead
EDAC sbridge: Seeking for: PCI ID 8086:0e68
EDAC sbridge: Seeking for: PCI ID 8086:0e79
EDAC sbridge: Seeking for: PCI ID 8086:0e6a
EDAC sbridge: Seeking for: PCI ID 8086:0e6b
EDAC sbridge: Seeking for: PCI ID 8086:0e6c
EDAC sbridge: Seeking for: PCI ID 8086:0e6d
EDAC sbridge: Seeking for: PCI ID 8086:0eb8
EDAC sbridge: Seeking for: PCI ID 8086:0ebc
EDAC sbridge: Seeking for: PCI ID 8086:0ec8
EDAC sbridge: Seeking for: PCI ID 8086:0ec8
EDAC sbridge: Seeking for: PCI ID 8086:0ec8
EDAC sbridge: Seeking for: PCI ID 8086:0ec9
EDAC sbridge: Seeking for: PCI ID 8086:0ec9
EDAC sbridge: Seeking for: PCI ID 8086:0ec9
EDAC sbridge: Seeking for: PCI ID 8086:0eca
EDAC sbridge: Seeking for: PCI ID 8086:0eca
EDAC sbridge: Seeking for: PCI ID 8086:0eca
EDAC MC0: Giving out device to module sb_edac controller Ivy Bridge SrcID#0_Ha#0: DEV 0000:7f:0e.0 (INTERRUPT)
EDAC MC1: Giving out device to module sb_edac controller Ivy Bridge SrcID#1_Ha#0: DEV 0000:ff:0e.0 (INTERRUPT)
EDAC sbridge:  Ver: 1.1.2 
input: HDA Intel PCH Line Out Surround as /devices/pci0000:00/0000:00:1b.0/sound/card0/input7
input: HDA Intel PCH Line Out CLFE as /devices/pci0000:00/0000:00:1b.0/sound/card0/input8
intel_rapl_common: Found RAPL domain package
intel_rapl_common: Found RAPL domain core
intel_rapl_common: Found RAPL domain dram
intel_rapl_common: package-0:core:long_term locked by BIOS
intel_rapl_common: package-0:dram:long_term locked by BIOS
input: HDA Intel PCH Line Out Side as /devices/pci0000:00/0000:00:1b.0/sound/card0/input9
intel_rapl_common: Found RAPL domain package
intel_rapl_common: Found RAPL domain core
intel_rapl_common: Found RAPL domain dram
intel_rapl_common: package-1:core:long_term locked by BIOS
intel_rapl_common: package-1:dram:long_term locked by BIOS
input: HDA Intel PCH Front Headphone as /devices/pci0000:00/0000:00:1b.0/sound/card0/input10
EXT4-fs (sda2): mounted filesystem f60ebbc8-9afc-482e-b1ac-f687f70f0884 r/w with ordered data mode. Quota mode: none.
e1000e 0000:07:00.0 enp7s0: NIC Link is Up 1000 Mbps Full Duplex, Flow Control: Rx/Tx
e1000e 0000:08:00.0 enp8s0: NIC Link is Up 1000 Mbps Full Duplex, Flow Control: Rx/Tx
RPC: Registered rdma transport module.
RPC: Registered rdma backchannel transport module.
NFSD: Using nfsdcld client tracking operations.
NFSD: no clients to reclaim, skipping NFSv4 grace period (net f0000000)
block sdb: the capability attribute has been deprecated.
FS-Cache: Loaded
Key type dns_resolver registered
NFS: Registering the id_resolver key type
Key type id_resolver registered
Key type id_legacy registered
process 'linux86-64/16.10/bin/pgcc' started with executable stack
perf: interrupt took too long (2528 > 2500), lowering kernel.perf_event_max_sample_rate to 79000
perf: interrupt took too long (3163 > 3160), lowering kernel.perf_event_max_sample_rate to 63000
perf: interrupt took too long (3961 > 3953), lowering kernel.perf_event_max_sample_rate to 50000
perf: interrupt took too long (4958 > 4951), lowering kernel.perf_event_max_sample_rate to 40000
perf: interrupt took too long (6199 > 6197), lowering kernel.perf_event_max_sample_rate to 32000
