MemTotal:       32595208 kB
MemFree:        13300300 kB
MemAvailable:   30998072 kB
Buffers:          302320 kB
Cached:         16881876 kB
SwapCached:         5728 kB
Active:          2150224 kB
Inactive:       15148692 kB
Active(anon):      83216 kB
Inactive(anon):    40380 kB
Active(file):    2067008 kB
Inactive(file): 15108312 kB
Unevictable:        3072 kB
Mlocked:               0 kB
SwapTotal:      134217720 kB
SwapFree:       134184680 kB
Zswap:                 0 kB
Zswapped:              0 kB
Dirty:                 0 kB
Writeback:             0 kB
AnonPages:        112628 kB
Mapped:            85652 kB
Shmem:              8868 kB
KReclaimable:    1043892 kB
Slab:            1276292 kB
SReclaimable:    1043892 kB
SUnreclaim:       232400 kB
KernelStack:        7152 kB
PageTables:         4976 kB
SecPageTables:      2056 kB
NFS_Unstable:          0 kB
Bounce:                0 kB
WritebackTmp:          0 kB
CommitLimit:    150515324 kB
Committed_AS:     567500 kB
VmallocTotal:   34359738367 kB
VmallocUsed:      170800 kB
VmallocChunk:          0 kB
Percpu:            17152 kB
HardwareCorrupted:     0 kB
AnonHugePages:     22528 kB
ShmemHugePages:        0 kB
ShmemPmdMapped:        0 kB
FileHugePages:         0 kB
FilePmdMapped:         0 kB
CmaTotal:              0 kB
CmaFree:               0 kB
Unaccepted:            0 kB
HugePages_Total:       0
HugePages_Free:        0
HugePages_Rsvd:        0
HugePages_Surp:        0
Hugepagesize:       2048 kB
Hugetlb:               0 kB
DirectMap4k:      533424 kB
DirectMap2M:    22482944 kB
DirectMap1G:    12582912 kB
