MemTotal:       32595208 kB
MemFree:        14900876 kB
MemAvailable:   30946568 kB
Buffers:          282424 kB
Cached:         15205620 kB
SwapCached:         5752 kB
Active:          1925788 kB
Inactive:       13671596 kB
Active(anon):      77752 kB
Inactive(anon):    40804 kB
Active(file):    1848036 kB
Inactive(file): 13630792 kB
Unevictable:        3072 kB
Mlocked:               0 kB
SwapTotal:      134217720 kB
SwapFree:       134184680 kB
Zswap:                 0 kB
Zswapped:              0 kB
Dirty:                 0 kB
Writeback:             0 kB
AnonPages:        104360 kB
Mapped:            84144 kB
Shmem:              9208 kB
KReclaimable:    1129264 kB
Slab:            1379560 kB
SReclaimable:    1129264 kB
SUnreclaim:       250296 kB
KernelStack:        6976 kB
PageTables:         4480 kB
SecPageTables:      2056 kB
NFS_Unstable:          0 kB
Bounce:                0 kB
WritebackTmp:          0 kB
CommitLimit:    150515324 kB
Committed_AS:     553504 kB
VmallocTotal:   34359738367 kB
VmallocUsed:      170592 kB
VmallocChunk:          0 kB
Percpu:            17152 kB
HardwareCorrupted:     0 kB
AnonHugePages:     10240 kB
ShmemHugePages:        0 kB
ShmemPmdMapped:        0 kB
FileHugePages:         0 kB
FilePmdMapped:         0 kB
CmaTotal:              0 kB
CmaFree:               0 kB
Unaccepted:            0 kB
HugePages_Total:       0
HugePages_Free:        0
HugePages_Rsvd:        0
HugePages_Surp:        0
Hugepagesize:       2048 kB
Hugetlb:               0 kB
DirectMap4k:      533424 kB
DirectMap2M:    22482944 kB
DirectMap1G:    12582912 kB
