MemTotal:       32595208 kB
MemFree:         6127236 kB
MemAvailable:   30945464 kB
Buffers:         1043116 kB
Cached:         22718096 kB
SwapCached:         6644 kB
Active:          4387776 kB
Inactive:       19478428 kB
Active(anon):     103152 kB
Inactive(anon):    19172 kB
Active(file):    4284624 kB
Inactive(file): 19459256 kB
Unevictable:        3072 kB
Mlocked:               0 kB
SwapTotal:      134217720 kB
SwapFree:       134184096 kB
Zswap:                 0 kB
Zswapped:              0 kB
Dirty:                76 kB
Writeback:             0 kB
AnonPages:        101152 kB
Mapped:           121616 kB
Shmem:             17324 kB
KReclaimable:    1661324 kB
Slab:            1980736 kB
SReclaimable:    1661324 kB
SUnreclaim:       319412 kB
KernelStack:        7008 kB
PageTables:         4636 kB
SecPageTables:      2056 kB
NFS_Unstable:          0 kB
Bounce:                0 kB
WritebackTmp:          0 kB
CommitLimit:    150515324 kB
Committed_AS:     570740 kB
VmallocTotal:   34359738367 kB
VmallocUsed:      170788 kB
VmallocChunk:          0 kB
Percpu:            19456 kB
HardwareCorrupted:     0 kB
AnonHugePages:     22528 kB
ShmemHugePages:        0 kB
ShmemPmdMapped:        0 kB
FileHugePages:         0 kB
FilePmdMapped:         0 kB
CmaTotal:              0 kB
CmaFree:               0 kB
Unaccepted:            0 kB
HugePages_Total:       0
HugePages_Free:        0
HugePages_Rsvd:        0
HugePages_Surp:        0
Hugepagesize:       2048 kB
Hugetlb:               0 kB
DirectMap4k:      533424 kB
DirectMap2M:    22482944 kB
DirectMap1G:    12582912 kB
