MemTotal:       32595208 kB
MemFree:        16577384 kB
MemAvailable:   31063964 kB
Buffers:          259704 kB
Cached:         13333496 kB
SwapCached:         5676 kB
Active:           535920 kB
Inactive:       13147156 kB
Active(anon):      65632 kB
Inactive(anon):    34172 kB
Active(file):     470288 kB
Inactive(file): 13112984 kB
Unevictable:        3072 kB
Mlocked:               0 kB
SwapTotal:      134217720 kB
SwapFree:       134169704 kB
Zswap:                 0 kB
Zswapped:              0 kB
Dirty:                 0 kB
Writeback:             0 kB
AnonPages:         87972 kB
Mapped:            66400 kB
Shmem:              9928 kB
KReclaimable:    1453420 kB
Slab:            1721880 kB
SReclaimable:    1453420 kB
SUnreclaim:       268460 kB
KernelStack:        7136 kB
PageTables:         4564 kB
SecPageTables:      2056 kB
NFS_Unstable:          0 kB
Bounce:                0 kB
WritebackTmp:          0 kB
CommitLimit:    150515324 kB
Committed_AS:     553368 kB
VmallocTotal:   34359738367 kB
VmallocUsed:      170752 kB
VmallocChunk:          0 kB
Percpu:            17152 kB
HardwareCorrupted:     0 kB
AnonHugePages:     20480 kB
ShmemHugePages:        0 kB
ShmemPmdMapped:        0 kB
FileHugePages:         0 kB
FilePmdMapped:         0 kB
CmaTotal:              0 kB
CmaFree:               0 kB
Unaccepted:            0 kB
HugePages_Total:       0
HugePages_Free:        0
HugePages_Rsvd:        0
HugePages_Surp:        0
Hugepagesize:       2048 kB
Hugetlb:               0 kB
DirectMap4k:      533424 kB
DirectMap2M:    22482944 kB
DirectMap1G:    12582912 kB
