MemTotal:       32592888 kB
MemFree:        26453628 kB
MemAvailable:   31334400 kB
Buffers:           87820 kB
Cached:          4936480 kB
SwapCached:            0 kB
Active:           795208 kB
Inactive:        4345988 kB
Active(anon):     129516 kB
Inactive(anon):        0 kB
Active(file):     665692 kB
Inactive(file):  4345988 kB
Unevictable:        3072 kB
Mlocked:               0 kB
SwapTotal:      134217720 kB
SwapFree:       134217720 kB
Zswap:                 0 kB
Zswapped:              0 kB
Dirty:               104 kB
Writeback:             0 kB
AnonPages:        112884 kB
Mapped:           108880 kB
Shmem:             12612 kB
KReclaimable:     345452 kB
Slab:             476572 kB
SReclaimable:     345452 kB
SUnreclaim:       131120 kB
KernelStack:        6608 kB
PageTables:         4300 kB
SecPageTables:      2056 kB
NFS_Unstable:          0 kB
Bounce:                0 kB
WritebackTmp:          0 kB
CommitLimit:    150514164 kB
Committed_AS:     517788 kB
VmallocTotal:   34359738367 kB
VmallocUsed:      125560 kB
VmallocChunk:          0 kB
Percpu:            15104 kB
HardwareCorrupted:     0 kB
AnonHugePages:     16384 kB
ShmemHugePages:        0 kB
ShmemPmdMapped:        0 kB
FileHugePages:         0 kB
FilePmdMapped:         0 kB
CmaTotal:              0 kB
CmaFree:               0 kB
Unaccepted:            0 kB
HugePages_Total:       0
HugePages_Free:        0
HugePages_Rsvd:        0
HugePages_Surp:        0
Hugepagesize:       2048 kB
Hugetlb:               0 kB
DirectMap4k:      388016 kB
DirectMap2M:     8996864 kB
DirectMap1G:    26214400 kB
