MemTotal:       32595208 kB
MemFree:        13482512 kB
MemAvailable:   31022744 kB
Buffers:          278160 kB
Cached:         17019188 kB
SwapCached:         5500 kB
Active:           888988 kB
Inactive:       16525416 kB
Active(anon):      83376 kB
Inactive(anon):    42064 kB
Active(file):     805612 kB
Inactive(file): 16483352 kB
Unevictable:        3072 kB
Mlocked:               0 kB
SwapTotal:      134217720 kB
SwapFree:       134184424 kB
Zswap:                 0 kB
Zswapped:              0 kB
Dirty:               100 kB
Writeback:             0 kB
AnonPages:        112152 kB
Mapped:            84388 kB
Shmem:              8376 kB
KReclaimable:     772708 kB
Slab:             983064 kB
SReclaimable:     772708 kB
SUnreclaim:       210356 kB
KernelStack:        6992 kB
PageTables:         4868 kB
SecPageTables:      2056 kB
NFS_Unstable:          0 kB
Bounce:                0 kB
WritebackTmp:          0 kB
CommitLimit:    150515324 kB
Committed_AS:     584684 kB
VmallocTotal:   34359738367 kB
VmallocUsed:      170552 kB
VmallocChunk:          0 kB
Percpu:            17152 kB
HardwareCorrupted:     0 kB
AnonHugePages:     12288 kB
ShmemHugePages:        0 kB
ShmemPmdMapped:        0 kB
FileHugePages:         0 kB
FilePmdMapped:         0 kB
CmaTotal:              0 kB
CmaFree:               0 kB
Unaccepted:            0 kB
HugePages_Total:       0
HugePages_Free:        0
HugePages_Rsvd:        0
HugePages_Surp:        0
Hugepagesize:       2048 kB
Hugetlb:               0 kB
DirectMap4k:      492464 kB
DirectMap2M:    17281024 kB
DirectMap1G:    17825792 kB
