MemTotal:       32595208 kB
MemFree:         8657620 kB
MemAvailable:   30950972 kB
Buffers:          451316 kB
Cached:         20950080 kB
SwapCached:         6800 kB
Active:           958064 kB
Inactive:       20555120 kB
Active(anon):      99568 kB
Inactive(anon):    28540 kB
Active(file):     858496 kB
Inactive(file): 20526580 kB
Unevictable:        3072 kB
Mlocked:               0 kB
SwapTotal:      134217720 kB
SwapFree:       134182816 kB
Zswap:                 0 kB
Zswapped:              0 kB
Dirty:                 0 kB
Writeback:             0 kB
AnonPages:        108616 kB
Mapped:           126564 kB
Shmem:             16320 kB
KReclaimable:    1495252 kB
Slab:            1802664 kB
SReclaimable:    1495252 kB
SUnreclaim:       307412 kB
KernelStack:        6976 kB
PageTables:         4588 kB
SecPageTables:      2056 kB
NFS_Unstable:          0 kB
Bounce:                0 kB
WritebackTmp:          0 kB
CommitLimit:    150515324 kB
Committed_AS:     563876 kB
VmallocTotal:   34359738367 kB
VmallocUsed:      170640 kB
VmallocChunk:          0 kB
Percpu:            18304 kB
HardwareCorrupted:     0 kB
AnonHugePages:     26624 kB
ShmemHugePages:        0 kB
ShmemPmdMapped:        0 kB
FileHugePages:         0 kB
FilePmdMapped:         0 kB
CmaTotal:              0 kB
CmaFree:               0 kB
Unaccepted:            0 kB
HugePages_Total:       0
HugePages_Free:        0
HugePages_Rsvd:        0
HugePages_Surp:        0
Hugepagesize:       2048 kB
Hugetlb:               0 kB
DirectMap4k:      533424 kB
DirectMap2M:    22482944 kB
DirectMap1G:    12582912 kB
