MemTotal:       32595208 kB
MemFree:        16674452 kB
MemAvailable:   30972780 kB
Buffers:          332560 kB
Cached:         13113804 kB
SwapCached:         5004 kB
Active:           680748 kB
Inactive:       12860516 kB
Active(anon):      72104 kB
Inactive(anon):    41532 kB
Active(file):     608644 kB
Inactive(file): 12818984 kB
Unevictable:        3072 kB
Mlocked:               0 kB
SwapTotal:      134217720 kB
SwapFree:       134173800 kB
Zswap:                 0 kB
Zswapped:              0 kB
Dirty:                68 kB
Writeback:             0 kB
AnonPages:         91656 kB
Mapped:            68956 kB
Shmem:             18728 kB
KReclaimable:    1502732 kB
Slab:            1779748 kB
SReclaimable:    1502732 kB
SUnreclaim:       277016 kB
KernelStack:        6992 kB
PageTables:         4504 kB
SecPageTables:      2056 kB
NFS_Unstable:          0 kB
Bounce:                0 kB
WritebackTmp:          0 kB
CommitLimit:    150515324 kB
Committed_AS:     562868 kB
VmallocTotal:   34359738367 kB
VmallocUsed:      170624 kB
VmallocChunk:          0 kB
Percpu:            17152 kB
HardwareCorrupted:     0 kB
AnonHugePages:     14336 kB
ShmemHugePages:        0 kB
ShmemPmdMapped:        0 kB
FileHugePages:         0 kB
FilePmdMapped:         0 kB
CmaTotal:              0 kB
CmaFree:               0 kB
Unaccepted:            0 kB
HugePages_Total:       0
HugePages_Free:        0
HugePages_Rsvd:        0
HugePages_Surp:        0
Hugepagesize:       2048 kB
Hugetlb:               0 kB
DirectMap4k:      533424 kB
DirectMap2M:    22482944 kB
DirectMap1G:    12582912 kB
