MemTotal:       32595208 kB
MemFree:        18851940 kB
MemAvailable:   30955840 kB
Buffers:          485568 kB
Cached:         11234072 kB
SwapCached:         6796 kB
Active:           920984 kB
Inactive:       10911252 kB
Active(anon):     121652 kB
Inactive(anon):     6760 kB
Active(file):     799332 kB
Inactive(file): 10904492 kB
Unevictable:        3072 kB
Mlocked:               0 kB
SwapTotal:      134217720 kB
SwapFree:       134182304 kB
Zswap:                 0 kB
Zswapped:              0 kB
Dirty:                 0 kB
Writeback:             0 kB
AnonPages:        108604 kB
Mapped:           125892 kB
Shmem:             15816 kB
KReclaimable:     987052 kB
Slab:            1259496 kB
SReclaimable:     987052 kB
SUnreclaim:       272444 kB
KernelStack:        6992 kB
PageTables:         4596 kB
SecPageTables:      2056 kB
NFS_Unstable:          0 kB
Bounce:                0 kB
WritebackTmp:          0 kB
CommitLimit:    150515324 kB
Committed_AS:     563640 kB
VmallocTotal:   34359738367 kB
VmallocUsed:      170576 kB
VmallocChunk:          0 kB
Percpu:            18304 kB
HardwareCorrupted:     0 kB
AnonHugePages:     20480 kB
ShmemHugePages:        0 kB
ShmemPmdMapped:        0 kB
FileHugePages:         0 kB
FilePmdMapped:         0 kB
CmaTotal:              0 kB
CmaFree:               0 kB
Unaccepted:            0 kB
HugePages_Total:       0
HugePages_Free:        0
HugePages_Rsvd:        0
HugePages_Surp:        0
Hugepagesize:       2048 kB
Hugetlb:               0 kB
DirectMap4k:      533424 kB
DirectMap2M:    22482944 kB
DirectMap1G:    12582912 kB
